2025-08-06 23:25:48 [INFO] MeetingSummarizer: ğŸ‘¤ People extracted: 2
2025-08-06 23:25:48 [INFO] MeetingSummarizer: ğŸ•’ Dates parsed: 0
2025-08-06 23:25:48 [INFO] MeetingSummarizer: âœ… Action items extracted: 0
2025-08-06 23:25:48 [INFO] MeetingSummarizer: ğŸ‘¤ People extracted: 0
2025-08-06 23:25:48 [INFO] MeetingSummarizer: ğŸ•’ Dates parsed: 0
2025-08-06 23:25:48 [INFO] MeetingSummarizer: âœ… Action items extracted: 0
2025-08-06 23:25:48 [INFO] MeetingSummarizer: ğŸ‘¤ People extracted: 0
2025-08-06 23:25:49 [WARNING] MeetingSummarizer: âš ï¸ Could not parse date string: 'next Friday'
2025-08-06 23:25:49 [INFO] MeetingSummarizer: ğŸ•’ Dates parsed: 0
2025-08-06 23:25:49 [INFO] MeetingSummarizer: âœ… Action items extracted: 1
2025-08-06 23:25:49 [INFO] MeetingSummarizer: ğŸ‘¤ People extracted: 0
2025-08-06 23:25:49 [INFO] MeetingSummarizer: ğŸ•’ Dates parsed: 0
2025-08-06 23:25:49 [INFO] MeetingSummarizer: âœ… Action items extracted: 0
2025-08-06 23:25:49 [INFO] MeetingSummarizer: ğŸ‘¤ People extracted: 0
2025-08-06 23:25:49 [INFO] MeetingSummarizer: ğŸ•’ Dates parsed: 1
2025-08-06 23:25:49 [INFO] MeetingSummarizer: âœ… Action items extracted: 1
2025-08-06 23:25:49 [INFO] MeetingSummarizer: ğŸ‘¤ People extracted: 0
2025-08-06 23:25:49 [INFO] MeetingSummarizer: ğŸ•’ Dates parsed: 0
2025-08-06 23:25:49 [INFO] MeetingSummarizer: âœ… Action items extracted: 0
2025-08-06 23:25:49 [INFO] MeetingSummarizer: âœ… Transcript cleaned successfully.
2025-08-06 23:25:49 [INFO] MeetingSummarizer: ğŸ¤ Segmented transcript into 2 speaker blocks.
2025-08-06 23:25:49 [ERROR] MeetingSummarizer: âŒ Failed to chunk transcript.
Traceback (most recent call last):
  File "/Users/namanjoshi/Workplace/meeting_minutes_summariser/modules/preprocessor.py", line 91, in chunk_text
    sentences = sent_tokenize(text)
                ^^^^^^^^^^^^^^^^^^^
  File "/Users/namanjoshi/miniforge3/lib/python3.12/site-packages/nltk/tokenize/__init__.py", line 119, in sent_tokenize
    tokenizer = _get_punkt_tokenizer(language)
                ^^^^^^^^^^^^^^^^^^^^^^^^^^^^^^
  File "/Users/namanjoshi/miniforge3/lib/python3.12/site-packages/nltk/tokenize/__init__.py", line 105, in _get_punkt_tokenizer
    return PunktTokenizer(language)
           ^^^^^^^^^^^^^^^^^^^^^^^^
  File "/Users/namanjoshi/miniforge3/lib/python3.12/site-packages/nltk/tokenize/punkt.py", line 1744, in __init__
    self.load_lang(lang)
  File "/Users/namanjoshi/miniforge3/lib/python3.12/site-packages/nltk/tokenize/punkt.py", line 1749, in load_lang
    lang_dir = find(f"tokenizers/punkt_tab/{lang}/")
               ^^^^^^^^^^^^^^^^^^^^^^^^^^^^^^^^^^^^^
  File "/Users/namanjoshi/miniforge3/lib/python3.12/site-packages/nltk/data.py", line 579, in find
    raise LookupError(resource_not_found)
LookupError: 
**********************************************************************
  Resource [93mpunkt_tab[0m not found.
  Please use the NLTK Downloader to obtain the resource:

  [31m>>> import nltk
  >>> nltk.download('punkt_tab')
  [0m
  For more information see: https://www.nltk.org/data.html

  Attempted to load [93mtokenizers/punkt_tab/english/[0m

  Searched in:
    - '/Users/namanjoshi/nltk_data'
    - '/Users/namanjoshi/miniforge3/nltk_data'
    - '/Users/namanjoshi/miniforge3/share/nltk_data'
    - '/Users/namanjoshi/miniforge3/lib/nltk_data'
    - '/usr/share/nltk_data'
    - '/usr/local/share/nltk_data'
    - '/usr/lib/nltk_data'
    - '/usr/local/lib/nltk_data'
**********************************************************************

2025-08-06 23:25:49 [INFO] MeetingSummarizer: ğŸ”Š Transcribing audio file: /var/folders/dw/4l9d7nm15sd7z8my4232y6bw0000gn/T/tmpun97xf7j.mp3 using model 'base'
2025-08-06 23:25:49 [INFO] MeetingSummarizer: âœ… Transcription completed successfully.
2025-08-06 23:25:49 [DEBUG] MeetingSummarizer: ğŸ§¹ Deleted temporary file: /var/folders/dw/4l9d7nm15sd7z8my4232y6bw0000gn/T/tmpun97xf7j.mp3
2025-08-06 23:25:49 [ERROR] MeetingSummarizer: âŒ Unsupported audio format: .flac
2025-08-06 23:30:49 [INFO] MeetingSummarizer: ğŸ‘¤ People extracted: 2
2025-08-06 23:30:49 [INFO] MeetingSummarizer: ğŸ•’ Dates parsed: 0
2025-08-06 23:30:49 [INFO] MeetingSummarizer: âœ… Action items extracted: 0
2025-08-06 23:30:49 [INFO] MeetingSummarizer: ğŸ‘¤ People extracted: 0
2025-08-06 23:30:49 [INFO] MeetingSummarizer: ğŸ•’ Dates parsed: 0
2025-08-06 23:30:49 [INFO] MeetingSummarizer: âœ… Action items extracted: 0
2025-08-06 23:30:49 [INFO] MeetingSummarizer: ğŸ‘¤ People extracted: 0
2025-08-06 23:30:50 [WARNING] MeetingSummarizer: âš ï¸ Could not parse date string: 'next Friday'
2025-08-06 23:30:50 [INFO] MeetingSummarizer: ğŸ•’ Dates parsed: 0
2025-08-06 23:30:50 [INFO] MeetingSummarizer: âœ… Action items extracted: 1
2025-08-06 23:30:50 [INFO] MeetingSummarizer: ğŸ‘¤ People extracted: 0
2025-08-06 23:30:50 [INFO] MeetingSummarizer: ğŸ•’ Dates parsed: 0
2025-08-06 23:30:50 [INFO] MeetingSummarizer: âœ… Action items extracted: 0
2025-08-06 23:30:50 [INFO] MeetingSummarizer: ğŸ‘¤ People extracted: 0
2025-08-06 23:30:50 [INFO] MeetingSummarizer: ğŸ•’ Dates parsed: 1
2025-08-06 23:30:50 [INFO] MeetingSummarizer: âœ… Action items extracted: 1
2025-08-06 23:30:50 [INFO] MeetingSummarizer: ğŸ‘¤ People extracted: 0
2025-08-06 23:30:50 [INFO] MeetingSummarizer: ğŸ•’ Dates parsed: 0
2025-08-06 23:30:50 [INFO] MeetingSummarizer: âœ… Action items extracted: 0
2025-08-06 23:30:50 [INFO] MeetingSummarizer: âœ… Transcript cleaned successfully.
2025-08-06 23:30:50 [INFO] MeetingSummarizer: ğŸ¤ Segmented transcript into 2 speaker blocks.
2025-08-06 23:30:50 [ERROR] MeetingSummarizer: âŒ Failed to chunk transcript.
Traceback (most recent call last):
  File "/Users/namanjoshi/Workplace/meeting_minutes_summariser/modules/preprocessor.py", line 91, in chunk_text
    sentences = sent_tokenize(text)
                ^^^^^^^^^^^^^^^^^^^
  File "/Users/namanjoshi/miniforge3/lib/python3.12/site-packages/nltk/tokenize/__init__.py", line 119, in sent_tokenize
    tokenizer = _get_punkt_tokenizer(language)
                ^^^^^^^^^^^^^^^^^^^^^^^^^^^^^^
  File "/Users/namanjoshi/miniforge3/lib/python3.12/site-packages/nltk/tokenize/__init__.py", line 105, in _get_punkt_tokenizer
    return PunktTokenizer(language)
           ^^^^^^^^^^^^^^^^^^^^^^^^
  File "/Users/namanjoshi/miniforge3/lib/python3.12/site-packages/nltk/tokenize/punkt.py", line 1744, in __init__
    self.load_lang(lang)
  File "/Users/namanjoshi/miniforge3/lib/python3.12/site-packages/nltk/tokenize/punkt.py", line 1749, in load_lang
    lang_dir = find(f"tokenizers/punkt_tab/{lang}/")
               ^^^^^^^^^^^^^^^^^^^^^^^^^^^^^^^^^^^^^
  File "/Users/namanjoshi/miniforge3/lib/python3.12/site-packages/nltk/data.py", line 579, in find
    raise LookupError(resource_not_found)
LookupError: 
**********************************************************************
  Resource [93mpunkt_tab[0m not found.
  Please use the NLTK Downloader to obtain the resource:

  [31m>>> import nltk
  >>> nltk.download('punkt_tab')
  [0m
  For more information see: https://www.nltk.org/data.html

  Attempted to load [93mtokenizers/punkt_tab/english/[0m

  Searched in:
    - '/Users/namanjoshi/nltk_data'
    - '/Users/namanjoshi/miniforge3/nltk_data'
    - '/Users/namanjoshi/miniforge3/share/nltk_data'
    - '/Users/namanjoshi/miniforge3/lib/nltk_data'
    - '/usr/share/nltk_data'
    - '/usr/local/share/nltk_data'
    - '/usr/lib/nltk_data'
    - '/usr/local/lib/nltk_data'
**********************************************************************

2025-08-06 23:30:50 [INFO] MeetingSummarizer: ğŸ”Š Transcribing audio file: /var/folders/dw/4l9d7nm15sd7z8my4232y6bw0000gn/T/tmpau5f_ii_.mp3 using model 'base'
2025-08-06 23:30:50 [INFO] MeetingSummarizer: âœ… Transcription completed successfully.
2025-08-06 23:30:50 [DEBUG] MeetingSummarizer: ğŸ§¹ Deleted temporary file: /var/folders/dw/4l9d7nm15sd7z8my4232y6bw0000gn/T/tmpau5f_ii_.mp3
2025-08-06 23:30:50 [ERROR] MeetingSummarizer: âŒ Unsupported audio format: .flac
2025-08-06 23:34:44 [INFO] MeetingSummarizer: ğŸ‘¤ People extracted: 2
2025-08-06 23:34:44 [INFO] MeetingSummarizer: ğŸ•’ Dates parsed: 0
2025-08-06 23:34:44 [INFO] MeetingSummarizer: âœ… Action items extracted: 0
2025-08-06 23:34:44 [INFO] MeetingSummarizer: ğŸ‘¤ People extracted: 0
2025-08-06 23:34:44 [INFO] MeetingSummarizer: ğŸ•’ Dates parsed: 0
2025-08-06 23:34:44 [INFO] MeetingSummarizer: âœ… Action items extracted: 0
2025-08-06 23:34:44 [INFO] MeetingSummarizer: ğŸ‘¤ People extracted: 0
2025-08-06 23:34:45 [WARNING] MeetingSummarizer: âš ï¸ Could not parse date string: 'next Friday'
2025-08-06 23:34:45 [INFO] MeetingSummarizer: ğŸ•’ Dates parsed: 0
2025-08-06 23:34:45 [INFO] MeetingSummarizer: âœ… Action items extracted: 1
2025-08-06 23:34:45 [INFO] MeetingSummarizer: ğŸ‘¤ People extracted: 0
2025-08-06 23:34:45 [INFO] MeetingSummarizer: ğŸ•’ Dates parsed: 0
2025-08-06 23:34:45 [INFO] MeetingSummarizer: âœ… Action items extracted: 0
2025-08-06 23:34:45 [INFO] MeetingSummarizer: ğŸ‘¤ People extracted: 0
2025-08-06 23:34:45 [INFO] MeetingSummarizer: ğŸ•’ Dates parsed: 1
2025-08-06 23:34:45 [INFO] MeetingSummarizer: âœ… Action items extracted: 1
2025-08-06 23:34:45 [INFO] MeetingSummarizer: ğŸ‘¤ People extracted: 0
2025-08-06 23:34:45 [INFO] MeetingSummarizer: ğŸ•’ Dates parsed: 0
2025-08-06 23:34:45 [INFO] MeetingSummarizer: âœ… Action items extracted: 0
2025-08-06 23:34:45 [INFO] MeetingSummarizer: âœ… Transcript cleaned successfully.
2025-08-06 23:34:45 [INFO] MeetingSummarizer: ğŸ¤ Segmented transcript into 2 speaker blocks.
2025-08-06 23:34:45 [ERROR] MeetingSummarizer: âŒ Failed to chunk transcript.
Traceback (most recent call last):
  File "/Users/namanjoshi/Workplace/meeting_minutes_summariser/modules/preprocessor.py", line 91, in chunk_text
    sentences = sent_tokenize(text)
                ^^^^^^^^^^^^^^^^^^^
  File "/Users/namanjoshi/miniforge3/lib/python3.12/site-packages/nltk/tokenize/__init__.py", line 119, in sent_tokenize
    tokenizer = _get_punkt_tokenizer(language)
                ^^^^^^^^^^^^^^^^^^^^^^^^^^^^^^
  File "/Users/namanjoshi/miniforge3/lib/python3.12/site-packages/nltk/tokenize/__init__.py", line 105, in _get_punkt_tokenizer
    return PunktTokenizer(language)
           ^^^^^^^^^^^^^^^^^^^^^^^^
  File "/Users/namanjoshi/miniforge3/lib/python3.12/site-packages/nltk/tokenize/punkt.py", line 1744, in __init__
    self.load_lang(lang)
  File "/Users/namanjoshi/miniforge3/lib/python3.12/site-packages/nltk/tokenize/punkt.py", line 1749, in load_lang
    lang_dir = find(f"tokenizers/punkt_tab/{lang}/")
               ^^^^^^^^^^^^^^^^^^^^^^^^^^^^^^^^^^^^^
  File "/Users/namanjoshi/miniforge3/lib/python3.12/site-packages/nltk/data.py", line 579, in find
    raise LookupError(resource_not_found)
LookupError: 
**********************************************************************
  Resource [93mpunkt_tab[0m not found.
  Please use the NLTK Downloader to obtain the resource:

  [31m>>> import nltk
  >>> nltk.download('punkt_tab')
  [0m
  For more information see: https://www.nltk.org/data.html

  Attempted to load [93mtokenizers/punkt_tab/english/[0m

  Searched in:
    - '/Users/namanjoshi/nltk_data'
    - '/Users/namanjoshi/miniforge3/nltk_data'
    - '/Users/namanjoshi/miniforge3/share/nltk_data'
    - '/Users/namanjoshi/miniforge3/lib/nltk_data'
    - '/usr/share/nltk_data'
    - '/usr/local/share/nltk_data'
    - '/usr/lib/nltk_data'
    - '/usr/local/lib/nltk_data'
**********************************************************************

2025-08-06 23:34:45 [INFO] MeetingSummarizer: ğŸ”Š Transcribing audio file: /var/folders/dw/4l9d7nm15sd7z8my4232y6bw0000gn/T/tmp5tnqu1l3.mp3 using model 'base'
2025-08-06 23:34:45 [INFO] MeetingSummarizer: âœ… Transcription completed successfully.
2025-08-06 23:34:45 [DEBUG] MeetingSummarizer: ğŸ§¹ Deleted temporary file: /var/folders/dw/4l9d7nm15sd7z8my4232y6bw0000gn/T/tmp5tnqu1l3.mp3
2025-08-06 23:34:45 [ERROR] MeetingSummarizer: âŒ Unsupported audio format: .flac
2025-08-06 23:37:24 [INFO] MeetingSummarizer: ğŸ‘¤ People extracted: 2
2025-08-06 23:37:24 [INFO] MeetingSummarizer: ğŸ•’ Dates parsed: 0
2025-08-06 23:37:24 [INFO] MeetingSummarizer: âœ… Action items extracted: 0
2025-08-06 23:37:24 [INFO] MeetingSummarizer: ğŸ‘¤ People extracted: 0
2025-08-06 23:37:24 [INFO] MeetingSummarizer: ğŸ•’ Dates parsed: 0
2025-08-06 23:37:24 [INFO] MeetingSummarizer: âœ… Action items extracted: 0
2025-08-06 23:37:24 [INFO] MeetingSummarizer: ğŸ‘¤ People extracted: 0
2025-08-06 23:37:25 [WARNING] MeetingSummarizer: Could not parse date string: 'next Friday'
2025-08-06 23:37:25 [INFO] MeetingSummarizer: ğŸ•’ Dates parsed: 0
2025-08-06 23:37:25 [INFO] MeetingSummarizer: âœ… Action items extracted: 1
2025-08-06 23:37:25 [INFO] MeetingSummarizer: ğŸ‘¤ People extracted: 0
2025-08-06 23:37:25 [INFO] MeetingSummarizer: ğŸ•’ Dates parsed: 0
2025-08-06 23:37:25 [INFO] MeetingSummarizer: âœ… Action items extracted: 0
2025-08-06 23:37:25 [INFO] MeetingSummarizer: ğŸ‘¤ People extracted: 0
2025-08-06 23:37:25 [INFO] MeetingSummarizer: ğŸ•’ Dates parsed: 1
2025-08-06 23:37:25 [INFO] MeetingSummarizer: âœ… Action items extracted: 1
2025-08-06 23:37:25 [INFO] MeetingSummarizer: ğŸ‘¤ People extracted: 0
2025-08-06 23:37:25 [INFO] MeetingSummarizer: ğŸ•’ Dates parsed: 0
2025-08-06 23:37:25 [INFO] MeetingSummarizer: âœ… Action items extracted: 0
2025-08-06 23:37:25 [INFO] MeetingSummarizer: âœ… Transcript cleaned successfully.
2025-08-06 23:37:25 [INFO] MeetingSummarizer: ğŸ¤ Segmented transcript into 2 speaker blocks.
2025-08-06 23:37:25 [ERROR] MeetingSummarizer: âŒ Failed to chunk transcript.
Traceback (most recent call last):
  File "/Users/namanjoshi/Workplace/meeting_minutes_summariser/modules/preprocessor.py", line 91, in chunk_text
    sentences = sent_tokenize(text)
                ^^^^^^^^^^^^^^^^^^^
  File "/Users/namanjoshi/miniforge3/lib/python3.12/site-packages/nltk/tokenize/__init__.py", line 119, in sent_tokenize
    tokenizer = _get_punkt_tokenizer(language)
                ^^^^^^^^^^^^^^^^^^^^^^^^^^^^^^
  File "/Users/namanjoshi/miniforge3/lib/python3.12/site-packages/nltk/tokenize/__init__.py", line 105, in _get_punkt_tokenizer
    return PunktTokenizer(language)
           ^^^^^^^^^^^^^^^^^^^^^^^^
  File "/Users/namanjoshi/miniforge3/lib/python3.12/site-packages/nltk/tokenize/punkt.py", line 1744, in __init__
    self.load_lang(lang)
  File "/Users/namanjoshi/miniforge3/lib/python3.12/site-packages/nltk/tokenize/punkt.py", line 1749, in load_lang
    lang_dir = find(f"tokenizers/punkt_tab/{lang}/")
               ^^^^^^^^^^^^^^^^^^^^^^^^^^^^^^^^^^^^^
  File "/Users/namanjoshi/miniforge3/lib/python3.12/site-packages/nltk/data.py", line 579, in find
    raise LookupError(resource_not_found)
LookupError: 
**********************************************************************
  Resource [93mpunkt_tab[0m not found.
  Please use the NLTK Downloader to obtain the resource:

  [31m>>> import nltk
  >>> nltk.download('punkt_tab')
  [0m
  For more information see: https://www.nltk.org/data.html

  Attempted to load [93mtokenizers/punkt_tab/english/[0m

  Searched in:
    - '/Users/namanjoshi/nltk_data'
    - '/Users/namanjoshi/miniforge3/nltk_data'
    - '/Users/namanjoshi/miniforge3/share/nltk_data'
    - '/Users/namanjoshi/miniforge3/lib/nltk_data'
    - '/usr/share/nltk_data'
    - '/usr/local/share/nltk_data'
    - '/usr/lib/nltk_data'
    - '/usr/local/lib/nltk_data'
**********************************************************************

2025-08-06 23:37:25 [INFO] MeetingSummarizer: ğŸ”Š Transcribing audio file: /var/folders/dw/4l9d7nm15sd7z8my4232y6bw0000gn/T/tmpmfvmpl48.mp3 using model 'base'
2025-08-06 23:37:25 [INFO] MeetingSummarizer: âœ… Transcription completed successfully.
2025-08-06 23:37:25 [DEBUG] MeetingSummarizer: ğŸ§¹ Deleted temporary file: /var/folders/dw/4l9d7nm15sd7z8my4232y6bw0000gn/T/tmpmfvmpl48.mp3
2025-08-06 23:37:25 [ERROR] MeetingSummarizer: âŒ Unsupported audio format: .flac
2025-08-06 23:42:08 [INFO] MeetingSummarizer: ğŸ‘¤ People extracted: 2
2025-08-06 23:42:08 [INFO] MeetingSummarizer: ğŸ•’ Dates parsed: 0
2025-08-06 23:42:08 [INFO] MeetingSummarizer: âœ… Action items extracted: 0
2025-08-06 23:42:08 [INFO] MeetingSummarizer: ğŸ‘¤ People extracted: 0
2025-08-06 23:42:08 [INFO] MeetingSummarizer: ğŸ•’ Dates parsed: 0
2025-08-06 23:42:08 [INFO] MeetingSummarizer: âœ… Action items extracted: 0
2025-08-06 23:42:08 [INFO] MeetingSummarizer: ğŸ‘¤ People extracted: 0
2025-08-06 23:42:08 [WARNING] MeetingSummarizer: Could not parse date string: 'next Friday'
2025-08-06 23:42:08 [INFO] MeetingSummarizer: ğŸ•’ Dates parsed: 0
2025-08-06 23:42:08 [INFO] MeetingSummarizer: âœ… Action items extracted: 1
2025-08-06 23:42:08 [INFO] MeetingSummarizer: ğŸ‘¤ People extracted: 0
2025-08-06 23:42:08 [INFO] MeetingSummarizer: ğŸ•’ Dates parsed: 0
2025-08-06 23:42:08 [INFO] MeetingSummarizer: âœ… Action items extracted: 0
2025-08-06 23:42:08 [INFO] MeetingSummarizer: ğŸ‘¤ People extracted: 0
2025-08-06 23:42:08 [INFO] MeetingSummarizer: ğŸ•’ Dates parsed: 1
2025-08-06 23:42:08 [INFO] MeetingSummarizer: âœ… Action items extracted: 1
2025-08-06 23:42:08 [INFO] MeetingSummarizer: ğŸ‘¤ People extracted: 0
2025-08-06 23:42:08 [INFO] MeetingSummarizer: ğŸ•’ Dates parsed: 0
2025-08-06 23:42:08 [INFO] MeetingSummarizer: âœ… Action items extracted: 0
2025-08-06 23:42:08 [INFO] MeetingSummarizer: âœ… Transcript cleaned successfully.
2025-08-06 23:42:08 [INFO] MeetingSummarizer: ğŸ¤ Segmented transcript into 2 speaker blocks.
2025-08-06 23:42:08 [ERROR] MeetingSummarizer: âŒ Failed to chunk transcript.
Traceback (most recent call last):
  File "/Users/namanjoshi/Workplace/meeting_minutes_summariser/modules/preprocessor.py", line 91, in chunk_text
    sentences = sent_tokenize(text)
                ^^^^^^^^^^^^^^^^^^^
  File "/Users/namanjoshi/miniforge3/lib/python3.12/site-packages/nltk/tokenize/__init__.py", line 119, in sent_tokenize
    tokenizer = _get_punkt_tokenizer(language)
                ^^^^^^^^^^^^^^^^^^^^^^^^^^^^^^
  File "/Users/namanjoshi/miniforge3/lib/python3.12/site-packages/nltk/tokenize/__init__.py", line 105, in _get_punkt_tokenizer
    return PunktTokenizer(language)
           ^^^^^^^^^^^^^^^^^^^^^^^^
  File "/Users/namanjoshi/miniforge3/lib/python3.12/site-packages/nltk/tokenize/punkt.py", line 1744, in __init__
    self.load_lang(lang)
  File "/Users/namanjoshi/miniforge3/lib/python3.12/site-packages/nltk/tokenize/punkt.py", line 1749, in load_lang
    lang_dir = find(f"tokenizers/punkt_tab/{lang}/")
               ^^^^^^^^^^^^^^^^^^^^^^^^^^^^^^^^^^^^^
  File "/Users/namanjoshi/miniforge3/lib/python3.12/site-packages/nltk/data.py", line 579, in find
    raise LookupError(resource_not_found)
LookupError: 
**********************************************************************
  Resource [93mpunkt_tab[0m not found.
  Please use the NLTK Downloader to obtain the resource:

  [31m>>> import nltk
  >>> nltk.download('punkt_tab')
  [0m
  For more information see: https://www.nltk.org/data.html

  Attempted to load [93mtokenizers/punkt_tab/english/[0m

  Searched in:
    - '/Users/namanjoshi/nltk_data'
    - '/Users/namanjoshi/miniforge3/nltk_data'
    - '/Users/namanjoshi/miniforge3/share/nltk_data'
    - '/Users/namanjoshi/miniforge3/lib/nltk_data'
    - '/usr/share/nltk_data'
    - '/usr/local/share/nltk_data'
    - '/usr/lib/nltk_data'
    - '/usr/local/lib/nltk_data'
**********************************************************************

2025-08-06 23:42:08 [INFO] MeetingSummarizer: ğŸ”Š Transcribing audio file: /var/folders/dw/4l9d7nm15sd7z8my4232y6bw0000gn/T/tmpt4stqsul.mp3 using model 'base'
2025-08-06 23:42:08 [INFO] MeetingSummarizer: âœ… Transcription completed successfully.
2025-08-06 23:42:08 [DEBUG] MeetingSummarizer: ğŸ§¹ Deleted temporary file: /var/folders/dw/4l9d7nm15sd7z8my4232y6bw0000gn/T/tmpt4stqsul.mp3
2025-08-06 23:42:08 [ERROR] MeetingSummarizer: âŒ Unsupported audio format: .flac
2025-08-06 23:48:38 [INFO] MeetingSummarizer: ğŸ‘¤ People extracted: 2
2025-08-06 23:48:38 [INFO] MeetingSummarizer: ğŸ•’ Dates parsed: 0
2025-08-06 23:48:38 [INFO] MeetingSummarizer: âœ… Action items extracted: 0
2025-08-06 23:48:38 [INFO] MeetingSummarizer: ğŸ‘¤ People extracted: 0
2025-08-06 23:48:38 [INFO] MeetingSummarizer: ğŸ•’ Dates parsed: 0
2025-08-06 23:48:38 [INFO] MeetingSummarizer: âœ… Action items extracted: 0
2025-08-06 23:48:38 [INFO] MeetingSummarizer: ğŸ‘¤ People extracted: 0
2025-08-06 23:48:38 [ERROR] MeetingSummarizer: âŒ Failed to parse date string: 'next Friday'
Traceback (most recent call last):
  File "/Users/namanjoshi/Workplace/meeting_minutes_summariser/modules/date_utils.py", line 32, in parse_date_string
    parsed = dateparser.parse(date_str, settings=settings)
             ^^^^^^^^^^^^^^^^^^^^^^^^^^^^^^^^^^^^^^^^^^^^^
  File "/Users/namanjoshi/miniforge3/lib/python3.12/site-packages/dateparser/conf.py", line 100, in wrapper
    return f(*args, **kwargs)
           ^^^^^^^^^^^^^^^^^^
  File "/Users/namanjoshi/miniforge3/lib/python3.12/site-packages/dateparser/__init__.py", line 71, in parse
    parser = DateDataParser(
             ^^^^^^^^^^^^^^^
  File "/Users/namanjoshi/miniforge3/lib/python3.12/site-packages/dateparser/conf.py", line 100, in wrapper
    return f(*args, **kwargs)
           ^^^^^^^^^^^^^^^^^^
  File "/Users/namanjoshi/miniforge3/lib/python3.12/site-packages/dateparser/date.py", line 454, in __init__
    check_settings(settings)
  File "/Users/namanjoshi/miniforge3/lib/python3.12/site-packages/dateparser/conf.py", line 239, in check_settings
    raise SettingValidationError('"{}" is not a valid setting'.format(setting))
dateparser.conf.SettingValidationError: "languages" is not a valid setting
2025-08-06 23:48:38 [INFO] MeetingSummarizer: ğŸ•’ Dates parsed: 0
2025-08-06 23:48:38 [INFO] MeetingSummarizer: âœ… Action items extracted: 1
2025-08-06 23:48:38 [INFO] MeetingSummarizer: ğŸ‘¤ People extracted: 0
2025-08-06 23:48:38 [INFO] MeetingSummarizer: ğŸ•’ Dates parsed: 0
2025-08-06 23:48:38 [INFO] MeetingSummarizer: âœ… Action items extracted: 0
2025-08-06 23:48:38 [INFO] MeetingSummarizer: ğŸ‘¤ People extracted: 0
2025-08-06 23:48:38 [ERROR] MeetingSummarizer: âŒ Failed to parse date string: 'Monday'
Traceback (most recent call last):
  File "/Users/namanjoshi/Workplace/meeting_minutes_summariser/modules/date_utils.py", line 32, in parse_date_string
    parsed = dateparser.parse(date_str, settings=settings)
             ^^^^^^^^^^^^^^^^^^^^^^^^^^^^^^^^^^^^^^^^^^^^^
  File "/Users/namanjoshi/miniforge3/lib/python3.12/site-packages/dateparser/conf.py", line 100, in wrapper
    return f(*args, **kwargs)
           ^^^^^^^^^^^^^^^^^^
  File "/Users/namanjoshi/miniforge3/lib/python3.12/site-packages/dateparser/__init__.py", line 71, in parse
    parser = DateDataParser(
             ^^^^^^^^^^^^^^^
  File "/Users/namanjoshi/miniforge3/lib/python3.12/site-packages/dateparser/conf.py", line 100, in wrapper
    return f(*args, **kwargs)
           ^^^^^^^^^^^^^^^^^^
  File "/Users/namanjoshi/miniforge3/lib/python3.12/site-packages/dateparser/date.py", line 454, in __init__
    check_settings(settings)
  File "/Users/namanjoshi/miniforge3/lib/python3.12/site-packages/dateparser/conf.py", line 239, in check_settings
    raise SettingValidationError('"{}" is not a valid setting'.format(setting))
dateparser.conf.SettingValidationError: "languages" is not a valid setting
2025-08-06 23:48:38 [INFO] MeetingSummarizer: ğŸ•’ Dates parsed: 0
2025-08-06 23:48:38 [INFO] MeetingSummarizer: âœ… Action items extracted: 1
2025-08-06 23:48:38 [INFO] MeetingSummarizer: ğŸ‘¤ People extracted: 0
2025-08-06 23:48:38 [INFO] MeetingSummarizer: ğŸ•’ Dates parsed: 0
2025-08-06 23:48:38 [INFO] MeetingSummarizer: âœ… Action items extracted: 0
2025-08-06 23:48:38 [INFO] MeetingSummarizer: âœ… Transcript cleaned successfully.
2025-08-06 23:48:38 [INFO] MeetingSummarizer: ğŸ¤ Segmented transcript into 2 speaker blocks.
2025-08-06 23:48:38 [INFO] MeetingSummarizer: ğŸ§© Split transcript into 5 chunks.
2025-08-06 23:48:38 [INFO] MeetingSummarizer: ğŸ”Š Transcribing audio file: /var/folders/dw/4l9d7nm15sd7z8my4232y6bw0000gn/T/tmpb1awvibj.mp3 using model 'base'
2025-08-06 23:48:38 [INFO] MeetingSummarizer: âœ… Transcription completed successfully.
2025-08-06 23:48:38 [DEBUG] MeetingSummarizer: ğŸ§¹ Deleted temporary file: /var/folders/dw/4l9d7nm15sd7z8my4232y6bw0000gn/T/tmpb1awvibj.mp3
2025-08-06 23:48:38 [ERROR] MeetingSummarizer: âŒ Unsupported audio format: .flac
2025-08-06 23:50:28 [INFO] MeetingSummarizer: ğŸ‘¤ People extracted: 2
2025-08-06 23:50:28 [INFO] MeetingSummarizer: ğŸ•’ Dates parsed: 0
2025-08-06 23:50:28 [INFO] MeetingSummarizer: âœ… Action items extracted: 0
2025-08-06 23:50:28 [INFO] MeetingSummarizer: ğŸ‘¤ People extracted: 0
2025-08-06 23:50:28 [INFO] MeetingSummarizer: ğŸ•’ Dates parsed: 0
2025-08-06 23:50:28 [INFO] MeetingSummarizer: âœ… Action items extracted: 0
2025-08-06 23:50:28 [INFO] MeetingSummarizer: ğŸ‘¤ People extracted: 0
2025-08-06 23:50:28 [ERROR] MeetingSummarizer: âŒ Failed to parse date string: 'next Friday'
Traceback (most recent call last):
  File "/Users/namanjoshi/Workplace/meeting_minutes_summariser/modules/date_utils.py", line 32, in parse_date_string
    parsed = dateparser.parse(date_str, settings=settings, languages=["en"])
             ^^^^^^^^^^^^^^^^^^^^^^^^^^^^^^^^^^^^^^^^^^^^^^^^^^^^^^^^^^^^^^^
  File "/Users/namanjoshi/miniforge3/lib/python3.12/site-packages/dateparser/conf.py", line 100, in wrapper
    return f(*args, **kwargs)
           ^^^^^^^^^^^^^^^^^^
  File "/Users/namanjoshi/miniforge3/lib/python3.12/site-packages/dateparser/__init__.py", line 71, in parse
    parser = DateDataParser(
             ^^^^^^^^^^^^^^^
  File "/Users/namanjoshi/miniforge3/lib/python3.12/site-packages/dateparser/conf.py", line 100, in wrapper
    return f(*args, **kwargs)
           ^^^^^^^^^^^^^^^^^^
  File "/Users/namanjoshi/miniforge3/lib/python3.12/site-packages/dateparser/date.py", line 454, in __init__
    check_settings(settings)
  File "/Users/namanjoshi/miniforge3/lib/python3.12/site-packages/dateparser/conf.py", line 239, in check_settings
    raise SettingValidationError('"{}" is not a valid setting'.format(setting))
dateparser.conf.SettingValidationError: "languages" is not a valid setting
2025-08-06 23:50:28 [INFO] MeetingSummarizer: ğŸ•’ Dates parsed: 0
2025-08-06 23:50:28 [INFO] MeetingSummarizer: âœ… Action items extracted: 1
2025-08-06 23:50:28 [INFO] MeetingSummarizer: ğŸ‘¤ People extracted: 0
2025-08-06 23:50:28 [INFO] MeetingSummarizer: ğŸ•’ Dates parsed: 0
2025-08-06 23:50:28 [INFO] MeetingSummarizer: âœ… Action items extracted: 0
2025-08-06 23:50:28 [INFO] MeetingSummarizer: ğŸ‘¤ People extracted: 0
2025-08-06 23:50:28 [ERROR] MeetingSummarizer: âŒ Failed to parse date string: 'Monday'
Traceback (most recent call last):
  File "/Users/namanjoshi/Workplace/meeting_minutes_summariser/modules/date_utils.py", line 32, in parse_date_string
    parsed = dateparser.parse(date_str, settings=settings, languages=["en"])
             ^^^^^^^^^^^^^^^^^^^^^^^^^^^^^^^^^^^^^^^^^^^^^^^^^^^^^^^^^^^^^^^
  File "/Users/namanjoshi/miniforge3/lib/python3.12/site-packages/dateparser/conf.py", line 100, in wrapper
    return f(*args, **kwargs)
           ^^^^^^^^^^^^^^^^^^
  File "/Users/namanjoshi/miniforge3/lib/python3.12/site-packages/dateparser/__init__.py", line 71, in parse
    parser = DateDataParser(
             ^^^^^^^^^^^^^^^
  File "/Users/namanjoshi/miniforge3/lib/python3.12/site-packages/dateparser/conf.py", line 100, in wrapper
    return f(*args, **kwargs)
           ^^^^^^^^^^^^^^^^^^
  File "/Users/namanjoshi/miniforge3/lib/python3.12/site-packages/dateparser/date.py", line 454, in __init__
    check_settings(settings)
  File "/Users/namanjoshi/miniforge3/lib/python3.12/site-packages/dateparser/conf.py", line 239, in check_settings
    raise SettingValidationError('"{}" is not a valid setting'.format(setting))
dateparser.conf.SettingValidationError: "languages" is not a valid setting
2025-08-06 23:50:28 [INFO] MeetingSummarizer: ğŸ•’ Dates parsed: 0
2025-08-06 23:50:28 [INFO] MeetingSummarizer: âœ… Action items extracted: 1
2025-08-06 23:50:28 [INFO] MeetingSummarizer: ğŸ‘¤ People extracted: 0
2025-08-06 23:50:28 [INFO] MeetingSummarizer: ğŸ•’ Dates parsed: 0
2025-08-06 23:50:28 [INFO] MeetingSummarizer: âœ… Action items extracted: 0
2025-08-06 23:50:28 [INFO] MeetingSummarizer: âœ… Transcript cleaned successfully.
2025-08-06 23:50:28 [INFO] MeetingSummarizer: ğŸ¤ Segmented transcript into 2 speaker blocks.
2025-08-06 23:50:28 [INFO] MeetingSummarizer: ğŸ§© Split transcript into 5 chunks.
2025-08-06 23:50:28 [INFO] MeetingSummarizer: ğŸ”Š Transcribing audio file: /var/folders/dw/4l9d7nm15sd7z8my4232y6bw0000gn/T/tmpcjg57oc4.mp3 using model 'base'
2025-08-06 23:50:28 [INFO] MeetingSummarizer: âœ… Transcription completed successfully.
2025-08-06 23:50:28 [DEBUG] MeetingSummarizer: ğŸ§¹ Deleted temporary file: /var/folders/dw/4l9d7nm15sd7z8my4232y6bw0000gn/T/tmpcjg57oc4.mp3
2025-08-06 23:50:28 [ERROR] MeetingSummarizer: âŒ Unsupported audio format: .flac
2025-08-06 23:54:51 [INFO] MeetingSummarizer: ğŸ‘¤ People extracted: 2
2025-08-06 23:54:51 [INFO] MeetingSummarizer: ğŸ•’ Dates parsed: 0
2025-08-06 23:54:51 [INFO] MeetingSummarizer: âœ… Action items extracted: 0
2025-08-06 23:54:51 [INFO] MeetingSummarizer: ğŸ‘¤ People extracted: 0
2025-08-06 23:54:51 [INFO] MeetingSummarizer: ğŸ•’ Dates parsed: 0
2025-08-06 23:54:51 [INFO] MeetingSummarizer: âœ… Action items extracted: 0
2025-08-06 23:54:51 [INFO] MeetingSummarizer: ğŸ‘¤ People extracted: 0
2025-08-06 23:54:51 [INFO] MeetingSummarizer: ğŸ•’ Dates parsed: 0
2025-08-06 23:54:51 [INFO] MeetingSummarizer: âœ… Action items extracted: 1
2025-08-06 23:54:51 [INFO] MeetingSummarizer: ğŸ‘¤ People extracted: 0
2025-08-06 23:54:51 [INFO] MeetingSummarizer: ğŸ•’ Dates parsed: 0
2025-08-06 23:54:51 [INFO] MeetingSummarizer: âœ… Action items extracted: 0
2025-08-06 23:54:51 [INFO] MeetingSummarizer: ğŸ‘¤ People extracted: 0
2025-08-06 23:54:51 [INFO] MeetingSummarizer: ğŸ•’ Dates parsed: 0
2025-08-06 23:54:51 [INFO] MeetingSummarizer: âœ… Action items extracted: 1
2025-08-06 23:54:51 [INFO] MeetingSummarizer: ğŸ‘¤ People extracted: 0
2025-08-06 23:54:51 [INFO] MeetingSummarizer: ğŸ•’ Dates parsed: 0
2025-08-06 23:54:51 [INFO] MeetingSummarizer: âœ… Action items extracted: 0
2025-08-06 23:54:51 [INFO] MeetingSummarizer: âœ… Transcript cleaned successfully.
2025-08-06 23:54:51 [INFO] MeetingSummarizer: ğŸ¤ Segmented transcript into 2 speaker blocks.
2025-08-06 23:54:51 [INFO] MeetingSummarizer: ğŸ§© Split transcript into 5 chunks.
2025-08-06 23:54:51 [INFO] MeetingSummarizer: ğŸ”Š Transcribing audio file: /var/folders/dw/4l9d7nm15sd7z8my4232y6bw0000gn/T/tmp2myd2s_7.mp3 using model 'base'
2025-08-06 23:54:51 [INFO] MeetingSummarizer: âœ… Transcription completed successfully.
2025-08-06 23:54:51 [DEBUG] MeetingSummarizer: ğŸ§¹ Deleted temporary file: /var/folders/dw/4l9d7nm15sd7z8my4232y6bw0000gn/T/tmp2myd2s_7.mp3
2025-08-06 23:54:51 [ERROR] MeetingSummarizer: âŒ Unsupported audio format: .flac
2025-08-06 23:58:03 [INFO] MeetingSummarizer: ğŸ‘¤ People extracted: 2
2025-08-06 23:58:03 [INFO] MeetingSummarizer: ğŸ•’ Dates parsed: 0
2025-08-06 23:58:03 [INFO] MeetingSummarizer: âœ… Action items extracted: 0
2025-08-06 23:58:03 [INFO] MeetingSummarizer: ğŸ‘¤ People extracted: 0
2025-08-06 23:58:03 [INFO] MeetingSummarizer: ğŸ•’ Dates parsed: 0
2025-08-06 23:58:03 [INFO] MeetingSummarizer: âœ… Action items extracted: 0
2025-08-06 23:58:03 [INFO] MeetingSummarizer: ğŸ‘¤ People extracted: 0
2025-08-06 23:58:03 [INFO] MeetingSummarizer: ğŸ•’ Dates parsed: 0
2025-08-06 23:58:03 [INFO] MeetingSummarizer: âœ… Action items extracted: 1
2025-08-06 23:58:03 [INFO] MeetingSummarizer: ğŸ‘¤ People extracted: 0
2025-08-06 23:58:03 [INFO] MeetingSummarizer: ğŸ•’ Dates parsed: 0
2025-08-06 23:58:03 [INFO] MeetingSummarizer: âœ… Action items extracted: 0
2025-08-06 23:58:03 [INFO] MeetingSummarizer: ğŸ‘¤ People extracted: 0
2025-08-06 23:58:03 [INFO] MeetingSummarizer: ğŸ•’ Dates parsed: 0
2025-08-06 23:58:03 [INFO] MeetingSummarizer: âœ… Action items extracted: 1
2025-08-06 23:58:03 [INFO] MeetingSummarizer: ğŸ‘¤ People extracted: 0
2025-08-06 23:58:03 [INFO] MeetingSummarizer: ğŸ•’ Dates parsed: 0
2025-08-06 23:58:03 [INFO] MeetingSummarizer: âœ… Action items extracted: 0
2025-08-06 23:58:03 [INFO] MeetingSummarizer: âœ… Transcript cleaned successfully.
2025-08-06 23:58:03 [INFO] MeetingSummarizer: ğŸ¤ Segmented transcript into 2 speaker blocks.
2025-08-06 23:58:03 [INFO] MeetingSummarizer: ğŸ§© Split transcript into 5 chunks.
2025-08-06 23:58:03 [INFO] MeetingSummarizer: ğŸ”Š Transcribing audio file: /var/folders/dw/4l9d7nm15sd7z8my4232y6bw0000gn/T/tmp25j6qrm0.mp3 using model 'base'
2025-08-06 23:58:03 [INFO] MeetingSummarizer: âœ… Transcription completed successfully.
2025-08-06 23:58:03 [DEBUG] MeetingSummarizer: ğŸ§¹ Deleted temporary file: /var/folders/dw/4l9d7nm15sd7z8my4232y6bw0000gn/T/tmp25j6qrm0.mp3
2025-08-06 23:58:03 [ERROR] MeetingSummarizer: âŒ Unsupported audio format: .flac
2025-08-06 23:58:57 [INFO] MeetingSummarizer: ğŸ‘¤ People extracted: 2
2025-08-06 23:58:57 [INFO] MeetingSummarizer: ğŸ•’ Dates parsed: 0
2025-08-06 23:58:57 [INFO] MeetingSummarizer: âœ… Action items extracted: 0
2025-08-06 23:58:57 [INFO] MeetingSummarizer: ğŸ‘¤ People extracted: 0
2025-08-06 23:58:57 [INFO] MeetingSummarizer: ğŸ•’ Dates parsed: 0
2025-08-06 23:58:57 [INFO] MeetingSummarizer: âœ… Action items extracted: 0
2025-08-06 23:58:57 [INFO] MeetingSummarizer: ğŸ‘¤ People extracted: 0
2025-08-06 23:58:57 [INFO] MeetingSummarizer: ğŸ•’ Dates parsed: 0
2025-08-06 23:58:57 [INFO] MeetingSummarizer: âœ… Action items extracted: 1
2025-08-06 23:58:57 [INFO] MeetingSummarizer: ğŸ‘¤ People extracted: 0
2025-08-06 23:58:57 [INFO] MeetingSummarizer: ğŸ•’ Dates parsed: 0
2025-08-06 23:58:57 [INFO] MeetingSummarizer: âœ… Action items extracted: 0
2025-08-06 23:58:57 [INFO] MeetingSummarizer: ğŸ‘¤ People extracted: 0
2025-08-06 23:58:57 [INFO] MeetingSummarizer: ğŸ•’ Dates parsed: 1
2025-08-06 23:58:57 [INFO] MeetingSummarizer: âœ… Action items extracted: 1
2025-08-06 23:58:57 [INFO] MeetingSummarizer: ğŸ‘¤ People extracted: 0
2025-08-06 23:58:57 [INFO] MeetingSummarizer: ğŸ•’ Dates parsed: 0
2025-08-06 23:58:57 [INFO] MeetingSummarizer: âœ… Action items extracted: 0
2025-08-06 23:58:57 [INFO] MeetingSummarizer: âœ… Transcript cleaned successfully.
2025-08-06 23:58:57 [INFO] MeetingSummarizer: ğŸ¤ Segmented transcript into 2 speaker blocks.
2025-08-06 23:58:57 [INFO] MeetingSummarizer: ğŸ§© Split transcript into 5 chunks.
2025-08-06 23:58:57 [INFO] MeetingSummarizer: ğŸ”Š Transcribing audio file: /var/folders/dw/4l9d7nm15sd7z8my4232y6bw0000gn/T/tmpbzk9xyma.mp3 using model 'base'
2025-08-06 23:58:57 [INFO] MeetingSummarizer: âœ… Transcription completed successfully.
2025-08-06 23:58:57 [DEBUG] MeetingSummarizer: ğŸ§¹ Deleted temporary file: /var/folders/dw/4l9d7nm15sd7z8my4232y6bw0000gn/T/tmpbzk9xyma.mp3
2025-08-06 23:58:57 [ERROR] MeetingSummarizer: âŒ Unsupported audio format: .flac
2025-08-07 00:00:27 [INFO] MeetingSummarizer: ğŸ‘¤ People extracted: 2
2025-08-07 00:00:27 [INFO] MeetingSummarizer: ğŸ•’ Dates parsed: 0
2025-08-07 00:00:27 [INFO] MeetingSummarizer: âœ… Action items extracted: 0
2025-08-07 00:00:27 [INFO] MeetingSummarizer: ğŸ‘¤ People extracted: 0
2025-08-07 00:00:27 [INFO] MeetingSummarizer: ğŸ•’ Dates parsed: 0
2025-08-07 00:00:27 [INFO] MeetingSummarizer: âœ… Action items extracted: 0
2025-08-07 00:00:27 [INFO] MeetingSummarizer: ğŸ‘¤ People extracted: 0
2025-08-07 00:00:27 [INFO] MeetingSummarizer: ğŸ•’ Dates parsed: 0
2025-08-07 00:00:27 [INFO] MeetingSummarizer: âœ… Action items extracted: 1
2025-08-07 00:00:27 [INFO] MeetingSummarizer: ğŸ‘¤ People extracted: 0
2025-08-07 00:00:27 [INFO] MeetingSummarizer: ğŸ•’ Dates parsed: 0
2025-08-07 00:00:27 [INFO] MeetingSummarizer: âœ… Action items extracted: 0
2025-08-07 00:00:27 [INFO] MeetingSummarizer: ğŸ‘¤ People extracted: 0
2025-08-07 00:00:27 [INFO] MeetingSummarizer: ğŸ•’ Dates parsed: 1
2025-08-07 00:00:27 [INFO] MeetingSummarizer: âœ… Action items extracted: 1
2025-08-07 00:00:27 [INFO] MeetingSummarizer: ğŸ‘¤ People extracted: 0
2025-08-07 00:00:27 [INFO] MeetingSummarizer: ğŸ•’ Dates parsed: 0
2025-08-07 00:00:27 [INFO] MeetingSummarizer: âœ… Action items extracted: 0
2025-08-07 00:00:27 [INFO] MeetingSummarizer: âœ… Transcript cleaned successfully.
2025-08-07 00:00:27 [INFO] MeetingSummarizer: ğŸ¤ Segmented transcript into 2 speaker blocks.
2025-08-07 00:00:27 [INFO] MeetingSummarizer: ğŸ§© Split transcript into 5 chunks.
2025-08-07 00:00:27 [INFO] MeetingSummarizer: ğŸ”Š Transcribing audio file: /var/folders/dw/4l9d7nm15sd7z8my4232y6bw0000gn/T/tmprxzdw_yv.mp3 using model 'base'
2025-08-07 00:00:27 [INFO] MeetingSummarizer: âœ… Transcription completed successfully.
2025-08-07 00:00:27 [DEBUG] MeetingSummarizer: ğŸ§¹ Deleted temporary file: /var/folders/dw/4l9d7nm15sd7z8my4232y6bw0000gn/T/tmprxzdw_yv.mp3
2025-08-07 00:00:27 [ERROR] MeetingSummarizer: âŒ Unsupported audio format: .flac
2025-08-07 00:01:42 [INFO] MeetingSummarizer: ğŸ‘¤ People extracted: 2
2025-08-07 00:01:42 [INFO] MeetingSummarizer: ğŸ•’ Dates parsed: 0
2025-08-07 00:01:42 [INFO] MeetingSummarizer: âœ… Action items extracted: 0
2025-08-07 00:01:42 [INFO] MeetingSummarizer: ğŸ‘¤ People extracted: 0
2025-08-07 00:01:42 [INFO] MeetingSummarizer: ğŸ•’ Dates parsed: 0
2025-08-07 00:01:42 [INFO] MeetingSummarizer: âœ… Action items extracted: 0
2025-08-07 00:01:42 [INFO] MeetingSummarizer: ğŸ‘¤ People extracted: 0
2025-08-07 00:01:42 [INFO] MeetingSummarizer: ğŸ•’ Dates parsed: 0
2025-08-07 00:01:42 [INFO] MeetingSummarizer: âœ… Action items extracted: 1
2025-08-07 00:01:42 [INFO] MeetingSummarizer: ğŸ‘¤ People extracted: 0
2025-08-07 00:01:42 [INFO] MeetingSummarizer: ğŸ•’ Dates parsed: 0
2025-08-07 00:01:42 [INFO] MeetingSummarizer: âœ… Action items extracted: 0
2025-08-07 00:01:42 [INFO] MeetingSummarizer: ğŸ‘¤ People extracted: 0
2025-08-07 00:01:42 [INFO] MeetingSummarizer: ğŸ•’ Dates parsed: 0
2025-08-07 00:01:42 [INFO] MeetingSummarizer: âœ… Action items extracted: 1
2025-08-07 00:01:42 [INFO] MeetingSummarizer: ğŸ‘¤ People extracted: 0
2025-08-07 00:01:42 [INFO] MeetingSummarizer: ğŸ•’ Dates parsed: 0
2025-08-07 00:01:42 [INFO] MeetingSummarizer: âœ… Action items extracted: 0
2025-08-07 00:01:42 [INFO] MeetingSummarizer: âœ… Transcript cleaned successfully.
2025-08-07 00:01:42 [INFO] MeetingSummarizer: ğŸ¤ Segmented transcript into 2 speaker blocks.
2025-08-07 00:01:42 [INFO] MeetingSummarizer: ğŸ§© Split transcript into 5 chunks.
2025-08-07 00:01:42 [INFO] MeetingSummarizer: ğŸ”Š Transcribing audio file: /var/folders/dw/4l9d7nm15sd7z8my4232y6bw0000gn/T/tmp98kf6l4l.mp3 using model 'base'
2025-08-07 00:01:42 [INFO] MeetingSummarizer: âœ… Transcription completed successfully.
2025-08-07 00:01:42 [DEBUG] MeetingSummarizer: ğŸ§¹ Deleted temporary file: /var/folders/dw/4l9d7nm15sd7z8my4232y6bw0000gn/T/tmp98kf6l4l.mp3
2025-08-07 00:01:42 [ERROR] MeetingSummarizer: âŒ Unsupported audio format: .flac
2025-08-07 16:59:49 [INFO] MeetingSummarizer: ğŸ‘¤ People extracted: 2
2025-08-07 16:59:49 [INFO] MeetingSummarizer: ğŸ•’ Dates parsed: 0
2025-08-07 16:59:49 [INFO] MeetingSummarizer: âœ… Action items extracted: 0
2025-08-07 16:59:49 [INFO] MeetingSummarizer: ğŸ‘¤ People extracted: 0
2025-08-07 16:59:49 [INFO] MeetingSummarizer: ğŸ•’ Dates parsed: 0
2025-08-07 16:59:49 [INFO] MeetingSummarizer: âœ… Action items extracted: 0
2025-08-07 16:59:49 [INFO] MeetingSummarizer: ğŸ‘¤ People extracted: 0
2025-08-07 16:59:49 [INFO] MeetingSummarizer: ğŸ•’ Dates parsed: 0
2025-08-07 16:59:49 [INFO] MeetingSummarizer: âœ… Action items extracted: 1
2025-08-07 16:59:49 [INFO] MeetingSummarizer: ğŸ‘¤ People extracted: 0
2025-08-07 16:59:49 [INFO] MeetingSummarizer: ğŸ•’ Dates parsed: 0
2025-08-07 16:59:49 [INFO] MeetingSummarizer: âœ… Action items extracted: 0
2025-08-07 16:59:49 [INFO] MeetingSummarizer: ğŸ‘¤ People extracted: 0
2025-08-07 16:59:49 [INFO] MeetingSummarizer: ğŸ•’ Dates parsed: 0
2025-08-07 16:59:49 [INFO] MeetingSummarizer: âœ… Action items extracted: 1
2025-08-07 16:59:49 [INFO] MeetingSummarizer: ğŸ‘¤ People extracted: 0
2025-08-07 16:59:49 [INFO] MeetingSummarizer: ğŸ•’ Dates parsed: 0
2025-08-07 16:59:49 [INFO] MeetingSummarizer: âœ… Action items extracted: 0
2025-08-07 16:59:49 [INFO] MeetingSummarizer: âœ… Transcript cleaned successfully.
2025-08-07 16:59:49 [INFO] MeetingSummarizer: ğŸ¤ Segmented transcript into 2 speaker blocks.
2025-08-07 16:59:49 [INFO] MeetingSummarizer: ğŸ§© Split transcript into 5 chunks.
2025-08-07 16:59:49 [INFO] MeetingSummarizer: ğŸ”Š Transcribing audio file: /var/folders/dw/4l9d7nm15sd7z8my4232y6bw0000gn/T/tmprjmyy9c4.mp3 using model 'base'
2025-08-07 16:59:49 [INFO] MeetingSummarizer: âœ… Transcription completed successfully.
2025-08-07 16:59:49 [DEBUG] MeetingSummarizer: ğŸ§¹ Deleted temporary file: /var/folders/dw/4l9d7nm15sd7z8my4232y6bw0000gn/T/tmprjmyy9c4.mp3
2025-08-07 16:59:49 [ERROR] MeetingSummarizer: âŒ Unsupported audio format: .flac
2025-08-07 17:01:17 [INFO] MeetingSummarizer: ğŸ‘¤ People extracted: 2
2025-08-07 17:01:17 [INFO] MeetingSummarizer: ğŸ•’ Dates parsed: 0
2025-08-07 17:01:17 [INFO] MeetingSummarizer: âœ… Action items extracted: 0
2025-08-07 17:01:17 [INFO] MeetingSummarizer: ğŸ‘¤ People extracted: 0
2025-08-07 17:01:17 [INFO] MeetingSummarizer: ğŸ•’ Dates parsed: 0
2025-08-07 17:01:17 [INFO] MeetingSummarizer: âœ… Action items extracted: 0
2025-08-07 17:01:17 [INFO] MeetingSummarizer: ğŸ‘¤ People extracted: 0
2025-08-07 17:01:17 [INFO] MeetingSummarizer: ğŸ•’ Dates parsed: 0
2025-08-07 17:01:17 [INFO] MeetingSummarizer: âœ… Action items extracted: 1
2025-08-07 17:01:17 [INFO] MeetingSummarizer: ğŸ‘¤ People extracted: 0
2025-08-07 17:01:17 [INFO] MeetingSummarizer: ğŸ•’ Dates parsed: 0
2025-08-07 17:01:17 [INFO] MeetingSummarizer: âœ… Action items extracted: 0
2025-08-07 17:01:17 [INFO] MeetingSummarizer: ğŸ‘¤ People extracted: 0
2025-08-07 17:01:17 [INFO] MeetingSummarizer: ğŸ•’ Dates parsed: 0
2025-08-07 17:01:17 [INFO] MeetingSummarizer: âœ… Action items extracted: 1
2025-08-07 17:01:17 [INFO] MeetingSummarizer: ğŸ‘¤ People extracted: 0
2025-08-07 17:01:17 [INFO] MeetingSummarizer: ğŸ•’ Dates parsed: 0
2025-08-07 17:01:17 [INFO] MeetingSummarizer: âœ… Action items extracted: 0
2025-08-07 17:01:17 [INFO] MeetingSummarizer: âœ… Transcript cleaned successfully.
2025-08-07 17:01:17 [INFO] MeetingSummarizer: ğŸ¤ Segmented transcript into 2 speaker blocks.
2025-08-07 17:01:17 [INFO] MeetingSummarizer: ğŸ§© Split transcript into 5 chunks.
2025-08-07 17:01:17 [INFO] MeetingSummarizer: ğŸ”Š Transcribing audio file: /var/folders/dw/4l9d7nm15sd7z8my4232y6bw0000gn/T/tmppthzwh8b.mp3 using model 'base'
2025-08-07 17:01:17 [INFO] MeetingSummarizer: âœ… Transcription completed successfully.
2025-08-07 17:01:17 [DEBUG] MeetingSummarizer: ğŸ§¹ Deleted temporary file: /var/folders/dw/4l9d7nm15sd7z8my4232y6bw0000gn/T/tmppthzwh8b.mp3
2025-08-07 17:01:17 [ERROR] MeetingSummarizer: âŒ Unsupported audio format: .flac
2025-08-07 17:03:58 [INFO] MeetingSummarizer: ğŸ‘¤ People extracted: 2
2025-08-07 17:03:58 [INFO] MeetingSummarizer: ğŸ•’ Dates parsed: 0
2025-08-07 17:03:58 [INFO] MeetingSummarizer: âœ… Action items extracted: 0
2025-08-07 17:03:58 [INFO] MeetingSummarizer: ğŸ‘¤ People extracted: 0
2025-08-07 17:03:58 [INFO] MeetingSummarizer: ğŸ•’ Dates parsed: 0
2025-08-07 17:03:58 [INFO] MeetingSummarizer: âœ… Action items extracted: 0
2025-08-07 17:03:58 [INFO] MeetingSummarizer: ğŸ‘¤ People extracted: 0
2025-08-07 17:03:58 [WARNING] MeetingSummarizer: âš ï¸ Could not parse date string: 'next Friday'
2025-08-07 17:03:58 [INFO] MeetingSummarizer: ğŸ•’ Dates parsed: 0
2025-08-07 17:03:58 [INFO] MeetingSummarizer: âœ… Action items extracted: 1
2025-08-07 17:03:58 [INFO] MeetingSummarizer: ğŸ‘¤ People extracted: 0
2025-08-07 17:03:58 [INFO] MeetingSummarizer: ğŸ•’ Dates parsed: 0
2025-08-07 17:03:58 [INFO] MeetingSummarizer: âœ… Action items extracted: 0
2025-08-07 17:03:58 [INFO] MeetingSummarizer: ğŸ‘¤ People extracted: 0
2025-08-07 17:03:58 [INFO] MeetingSummarizer: ğŸ•’ Dates parsed: 1
2025-08-07 17:03:58 [INFO] MeetingSummarizer: âœ… Action items extracted: 1
2025-08-07 17:03:58 [INFO] MeetingSummarizer: ğŸ‘¤ People extracted: 0
2025-08-07 17:03:58 [INFO] MeetingSummarizer: ğŸ•’ Dates parsed: 0
2025-08-07 17:03:58 [INFO] MeetingSummarizer: âœ… Action items extracted: 0
2025-08-07 17:03:58 [INFO] MeetingSummarizer: âœ… Transcript cleaned successfully.
2025-08-07 17:03:58 [INFO] MeetingSummarizer: ğŸ¤ Segmented transcript into 2 speaker blocks.
2025-08-07 17:03:58 [INFO] MeetingSummarizer: ğŸ§© Split transcript into 5 chunks.
2025-08-07 17:03:58 [INFO] MeetingSummarizer: ğŸ”Š Transcribing audio file: /var/folders/dw/4l9d7nm15sd7z8my4232y6bw0000gn/T/tmp5kc_0fxd.mp3 using model 'base'
2025-08-07 17:03:58 [INFO] MeetingSummarizer: âœ… Transcription completed successfully.
2025-08-07 17:03:58 [DEBUG] MeetingSummarizer: ğŸ§¹ Deleted temporary file: /var/folders/dw/4l9d7nm15sd7z8my4232y6bw0000gn/T/tmp5kc_0fxd.mp3
2025-08-07 17:03:58 [ERROR] MeetingSummarizer: âŒ Unsupported audio format: .flac
2025-08-07 17:04:55 [INFO] MeetingSummarizer: ğŸ‘¤ People extracted: 2
2025-08-07 17:04:55 [INFO] MeetingSummarizer: ğŸ•’ Dates parsed: 0
2025-08-07 17:04:55 [INFO] MeetingSummarizer: âœ… Action items extracted: 0
2025-08-07 17:04:55 [INFO] MeetingSummarizer: ğŸ‘¤ People extracted: 0
2025-08-07 17:04:55 [INFO] MeetingSummarizer: ğŸ•’ Dates parsed: 0
2025-08-07 17:04:55 [INFO] MeetingSummarizer: âœ… Action items extracted: 0
2025-08-07 17:04:55 [INFO] MeetingSummarizer: ğŸ‘¤ People extracted: 0
2025-08-07 17:04:55 [WARNING] MeetingSummarizer: âš ï¸ Could not parse date string: 'next Friday'
2025-08-07 17:04:55 [INFO] MeetingSummarizer: ğŸ•’ Dates parsed: 0
2025-08-07 17:04:55 [INFO] MeetingSummarizer: âœ… Action items extracted: 1
2025-08-07 17:04:55 [INFO] MeetingSummarizer: ğŸ‘¤ People extracted: 0
2025-08-07 17:04:55 [INFO] MeetingSummarizer: ğŸ•’ Dates parsed: 0
2025-08-07 17:04:55 [INFO] MeetingSummarizer: âœ… Action items extracted: 0
2025-08-07 17:04:55 [INFO] MeetingSummarizer: ğŸ‘¤ People extracted: 0
2025-08-07 17:04:55 [INFO] MeetingSummarizer: ğŸ•’ Dates parsed: 1
2025-08-07 17:04:55 [INFO] MeetingSummarizer: âœ… Action items extracted: 1
2025-08-07 17:04:55 [INFO] MeetingSummarizer: ğŸ‘¤ People extracted: 0
2025-08-07 17:04:55 [INFO] MeetingSummarizer: ğŸ•’ Dates parsed: 0
2025-08-07 17:04:55 [INFO] MeetingSummarizer: âœ… Action items extracted: 0
2025-08-07 17:04:55 [INFO] MeetingSummarizer: âœ… Transcript cleaned successfully.
2025-08-07 17:04:55 [INFO] MeetingSummarizer: ğŸ¤ Segmented transcript into 2 speaker blocks.
2025-08-07 17:04:55 [INFO] MeetingSummarizer: ğŸ§© Split transcript into 5 chunks.
2025-08-07 17:04:55 [INFO] MeetingSummarizer: ğŸ”Š Transcribing audio file: /var/folders/dw/4l9d7nm15sd7z8my4232y6bw0000gn/T/tmpzveovqf0.mp3 using model 'base'
2025-08-07 17:04:55 [INFO] MeetingSummarizer: âœ… Transcription completed successfully.
2025-08-07 17:04:55 [DEBUG] MeetingSummarizer: ğŸ§¹ Deleted temporary file: /var/folders/dw/4l9d7nm15sd7z8my4232y6bw0000gn/T/tmpzveovqf0.mp3
2025-08-07 17:04:55 [ERROR] MeetingSummarizer: âŒ Unsupported audio format: .flac
2025-08-07 17:05:07 [INFO] MeetingSummarizer: ğŸ‘¤ People extracted: 2
2025-08-07 17:05:07 [INFO] MeetingSummarizer: ğŸ•’ Dates parsed: 0
2025-08-07 17:05:07 [INFO] MeetingSummarizer: âœ… Action items extracted: 0
2025-08-07 17:05:07 [INFO] MeetingSummarizer: ğŸ‘¤ People extracted: 0
2025-08-07 17:05:07 [INFO] MeetingSummarizer: ğŸ•’ Dates parsed: 0
2025-08-07 17:05:07 [INFO] MeetingSummarizer: âœ… Action items extracted: 0
2025-08-07 17:05:07 [INFO] MeetingSummarizer: ğŸ‘¤ People extracted: 0
2025-08-07 17:05:07 [WARNING] MeetingSummarizer: âš ï¸ Could not parse date string: 'next Friday'
2025-08-07 17:05:07 [INFO] MeetingSummarizer: ğŸ•’ Dates parsed: 0
2025-08-07 17:05:07 [INFO] MeetingSummarizer: âœ… Action items extracted: 1
2025-08-07 17:05:07 [INFO] MeetingSummarizer: ğŸ‘¤ People extracted: 0
2025-08-07 17:05:07 [INFO] MeetingSummarizer: ğŸ•’ Dates parsed: 0
2025-08-07 17:05:07 [INFO] MeetingSummarizer: âœ… Action items extracted: 0
2025-08-07 17:05:07 [INFO] MeetingSummarizer: ğŸ‘¤ People extracted: 0
2025-08-07 17:05:07 [INFO] MeetingSummarizer: ğŸ•’ Dates parsed: 1
2025-08-07 17:05:07 [INFO] MeetingSummarizer: âœ… Action items extracted: 1
2025-08-07 17:05:07 [INFO] MeetingSummarizer: ğŸ‘¤ People extracted: 0
2025-08-07 17:05:07 [INFO] MeetingSummarizer: ğŸ•’ Dates parsed: 0
2025-08-07 17:05:07 [INFO] MeetingSummarizer: âœ… Action items extracted: 0
2025-08-07 17:05:07 [INFO] MeetingSummarizer: âœ… Transcript cleaned successfully.
2025-08-07 17:05:07 [INFO] MeetingSummarizer: ğŸ¤ Segmented transcript into 2 speaker blocks.
2025-08-07 17:05:07 [INFO] MeetingSummarizer: ğŸ§© Split transcript into 5 chunks.
2025-08-07 17:05:07 [INFO] MeetingSummarizer: ğŸ”Š Transcribing audio file: /var/folders/dw/4l9d7nm15sd7z8my4232y6bw0000gn/T/tmpfaudh3g9.mp3 using model 'base'
2025-08-07 17:05:07 [INFO] MeetingSummarizer: âœ… Transcription completed successfully.
2025-08-07 17:05:07 [DEBUG] MeetingSummarizer: ğŸ§¹ Deleted temporary file: /var/folders/dw/4l9d7nm15sd7z8my4232y6bw0000gn/T/tmpfaudh3g9.mp3
2025-08-07 17:05:07 [ERROR] MeetingSummarizer: âŒ Unsupported audio format: .flac
2025-08-07 17:05:53 [INFO] MeetingSummarizer: ğŸ‘¤ People extracted: 2
2025-08-07 17:05:53 [INFO] MeetingSummarizer: ğŸ•’ Dates parsed: 0
2025-08-07 17:05:53 [INFO] MeetingSummarizer: âœ… Action items extracted: 0
2025-08-07 17:05:53 [INFO] MeetingSummarizer: ğŸ‘¤ People extracted: 0
2025-08-07 17:05:53 [INFO] MeetingSummarizer: ğŸ•’ Dates parsed: 0
2025-08-07 17:05:53 [INFO] MeetingSummarizer: âœ… Action items extracted: 0
2025-08-07 17:05:53 [INFO] MeetingSummarizer: ğŸ‘¤ People extracted: 0
2025-08-07 17:05:53 [WARNING] MeetingSummarizer: âš ï¸ Could not parse date string: 'next Friday'
2025-08-07 17:05:53 [INFO] MeetingSummarizer: ğŸ•’ Dates parsed: 0
2025-08-07 17:05:53 [INFO] MeetingSummarizer: âœ… Action items extracted: 1
2025-08-07 17:05:53 [INFO] MeetingSummarizer: ğŸ‘¤ People extracted: 0
2025-08-07 17:05:53 [INFO] MeetingSummarizer: ğŸ•’ Dates parsed: 0
2025-08-07 17:05:53 [INFO] MeetingSummarizer: âœ… Action items extracted: 0
2025-08-07 17:05:53 [INFO] MeetingSummarizer: ğŸ‘¤ People extracted: 0
2025-08-07 17:05:53 [INFO] MeetingSummarizer: ğŸ•’ Dates parsed: 1
2025-08-07 17:05:53 [INFO] MeetingSummarizer: âœ… Action items extracted: 1
2025-08-07 17:05:53 [INFO] MeetingSummarizer: ğŸ‘¤ People extracted: 0
2025-08-07 17:05:53 [INFO] MeetingSummarizer: ğŸ•’ Dates parsed: 0
2025-08-07 17:05:53 [INFO] MeetingSummarizer: âœ… Action items extracted: 0
2025-08-07 17:05:53 [INFO] MeetingSummarizer: âœ… Transcript cleaned successfully.
2025-08-07 17:05:53 [INFO] MeetingSummarizer: ğŸ¤ Segmented transcript into 2 speaker blocks.
2025-08-07 17:05:53 [INFO] MeetingSummarizer: ğŸ§© Split transcript into 5 chunks.
2025-08-07 17:05:53 [INFO] MeetingSummarizer: ğŸ”Š Transcribing audio file: /var/folders/dw/4l9d7nm15sd7z8my4232y6bw0000gn/T/tmps_molbty.mp3 using model 'base'
2025-08-07 17:05:53 [INFO] MeetingSummarizer: âœ… Transcription completed successfully.
2025-08-07 17:05:53 [DEBUG] MeetingSummarizer: ğŸ§¹ Deleted temporary file: /var/folders/dw/4l9d7nm15sd7z8my4232y6bw0000gn/T/tmps_molbty.mp3
2025-08-07 17:05:53 [ERROR] MeetingSummarizer: âŒ Unsupported audio format: .flac
2025-08-07 17:10:31 [INFO] MeetingSummarizer: ğŸ‘¤ People extracted: 2
2025-08-07 17:10:31 [INFO] MeetingSummarizer: ğŸ” No dates found in input text.
2025-08-07 17:10:31 [INFO] MeetingSummarizer: ğŸ•’ Dates parsed: 0
2025-08-07 17:10:31 [INFO] MeetingSummarizer: âœ… Action items extracted: 0
2025-08-07 17:10:31 [INFO] MeetingSummarizer: ğŸ‘¤ People extracted: 0
2025-08-07 17:10:31 [INFO] MeetingSummarizer: ğŸ” No dates found in input text.
2025-08-07 17:10:31 [INFO] MeetingSummarizer: ğŸ•’ Dates parsed: 0
2025-08-07 17:10:31 [INFO] MeetingSummarizer: âœ… Action items extracted: 0
2025-08-07 17:10:31 [INFO] MeetingSummarizer: ğŸ‘¤ People extracted: 0
2025-08-07 17:10:31 [INFO] MeetingSummarizer: ğŸ•’ Dates parsed: 1
2025-08-07 17:10:31 [INFO] MeetingSummarizer: âœ… Action items extracted: 1
2025-08-07 17:10:31 [INFO] MeetingSummarizer: ğŸ‘¤ People extracted: 0
2025-08-07 17:10:31 [INFO] MeetingSummarizer: ğŸ” No dates found in input text.
2025-08-07 17:10:31 [INFO] MeetingSummarizer: ğŸ•’ Dates parsed: 0
2025-08-07 17:10:31 [INFO] MeetingSummarizer: âœ… Action items extracted: 0
2025-08-07 17:10:31 [INFO] MeetingSummarizer: ğŸ‘¤ People extracted: 0
2025-08-07 17:10:31 [INFO] MeetingSummarizer: ğŸ•’ Dates parsed: 1
2025-08-07 17:10:31 [INFO] MeetingSummarizer: âœ… Action items extracted: 1
2025-08-07 17:10:31 [INFO] MeetingSummarizer: ğŸ‘¤ People extracted: 0
2025-08-07 17:10:31 [INFO] MeetingSummarizer: ğŸ” No dates found in input text.
2025-08-07 17:10:31 [INFO] MeetingSummarizer: ğŸ•’ Dates parsed: 0
2025-08-07 17:10:31 [INFO] MeetingSummarizer: âœ… Action items extracted: 0
2025-08-07 17:10:31 [INFO] MeetingSummarizer: âœ… Transcript cleaned successfully.
2025-08-07 17:10:31 [INFO] MeetingSummarizer: ğŸ¤ Segmented transcript into 2 speaker blocks.
2025-08-07 17:10:31 [INFO] MeetingSummarizer: ğŸ§© Split transcript into 5 chunks.
2025-08-07 17:10:31 [INFO] MeetingSummarizer: ğŸ”Š Transcribing audio file: /var/folders/dw/4l9d7nm15sd7z8my4232y6bw0000gn/T/tmp1ttmkr_3.mp3 using model 'base'
2025-08-07 17:10:31 [INFO] MeetingSummarizer: âœ… Transcription completed successfully.
2025-08-07 17:10:31 [DEBUG] MeetingSummarizer: ğŸ§¹ Deleted temporary file: /var/folders/dw/4l9d7nm15sd7z8my4232y6bw0000gn/T/tmp1ttmkr_3.mp3
2025-08-07 17:10:31 [ERROR] MeetingSummarizer: âŒ Unsupported audio format: .flac
2025-08-23 23:55:06 [INFO] MeetingSummarizer:<module>:280 - ğŸš€ Logging system initialized - Level: INFO, Dir: logs
2025-08-23 23:58:14 [INFO] MeetingSummarizer:<module>:280 - ğŸš€ Logging system initialized - Level: INFO, Dir: logs
2025-08-23 23:58:53 [INFO] MeetingSummarizer:<module>:280 - ğŸš€ Logging system initialized - Level: INFO, Dir: logs
2025-08-23 23:59:38 [INFO] MeetingSummarizer:<module>:280 - ğŸš€ Logging system initialized - Level: INFO, Dir: logs
2025-08-24 00:01:05 [INFO] MeetingSummarizer:<module>:280 - ğŸš€ Logging system initialized - Level: INFO, Dir: logs
2025-08-24 00:01:17 [INFO] MeetingSummarizer:<module>:280 - ğŸš€ Logging system initialized - Level: INFO, Dir: logs
2025-08-24 00:01:21 [INFO] MeetingSummarizer:transcribe_audio:317 - ğŸ”Š Transcribing audio: /var/folders/dw/4l9d7nm15sd7z8my4232y6bw0000gn/T/tmpajfl9wmr.wav (model: base, engine: whisper)
2025-08-24 00:01:30 [WARNING] MeetingSummarizer:get_audio_duration:122 - âš ï¸ Could not determine audio duration: 
2025-08-24 00:02:13 [INFO] MeetingSummarizer:load_whisper_model:96 - âœ… Whisper model 'base' loaded successfully
2025-08-24 00:02:13 [ERROR] MeetingSummarizer:transcribe_audio_chunk:273 - âŒ Failed to transcribe chunk /var/folders/dw/4l9d7nm15sd7z8my4232y6bw0000gn/T/tmpajfl9wmr.wav: Failed to load audio: ffmpeg version 7.1.1 Copyright (c) 2000-2025 the FFmpeg developers
  built with Apple clang version 16.0.0 (clang-1600.0.26.6)
  configuration: --prefix=/opt/homebrew/Cellar/ffmpeg/7.1.1_3 --enable-shared --enable-pthreads --enable-version3 --cc=clang --host-cflags= --host-ldflags='-Wl,-ld_classic' --enable-ffplay --enable-gnutls --enable-gpl --enable-libaom --enable-libaribb24 --enable-libbluray --enable-libdav1d --enable-libharfbuzz --enable-libjxl --enable-libmp3lame --enable-libopus --enable-librav1e --enable-librist --enable-librubberband --enable-libsnappy --enable-libsrt --enable-libssh --enable-libsvtav1 --enable-libtesseract --enable-libtheora --enable-libvidstab --enable-libvmaf --enable-libvorbis --enable-libvpx --enable-libwebp --enable-libx264 --enable-libx265 --enable-libxml2 --enable-libxvid --enable-lzma --enable-libfontconfig --enable-libfreetype --enable-frei0r --enable-libass --enable-libopencore-amrnb --enable-libopencore-amrwb --enable-libopenjpeg --enable-libspeex --enable-libsoxr --enable-libzmq --enable-libzimg --disable-libjack --disable-indev=jack --enable-videotoolbox --enable-audiotoolbox --enable-neon
  libavutil      59. 39.100 / 59. 39.100
  libavcodec     61. 19.101 / 61. 19.101
  libavformat    61.  7.100 / 61.  7.100
  libavdevice    61.  3.100 / 61.  3.100
  libavfilter    10.  4.100 / 10.  4.100
  libswscale      8.  3.100 /  8.  3.100
  libswresample   5.  3.100 /  5.  3.100
  libpostproc    58.  3.100 / 58.  3.100
[in#0 @ 0x15062c510] Error opening input: Invalid data found when processing input
Error opening input file /var/folders/dw/4l9d7nm15sd7z8my4232y6bw0000gn/T/tmpajfl9wmr.wav.
Error opening input files: Invalid data found when processing input

2025-08-24 00:02:13 [WARNING] MeetingSummarizer:transcribe_audio:360 - âš ï¸ Transcription returned empty text
2025-08-24 00:02:13 [WARNING] MeetingSummarizer:summarize:435 - âš ï¸ Empty input text for summarization
2025-08-24 00:12:52 [INFO] MeetingSummarizer:<module>:280 - ğŸš€ Logging system initialized - Level: INFO, Dir: logs
2025-08-24 00:12:52 [INFO] MeetingSummarizer:summarize:448 - ğŸš€ Starting summarization with strategy: map_reduce
2025-08-24 00:12:52 [INFO] MeetingSummarizer:_load_model:96 - ğŸ”„ Loading model: sshleifer/distilbart-cnn-12-6 on CPU
2025-08-24 00:12:53 [ERROR] MeetingSummarizer:_load_model:105 - âŒ Failed to load model sshleifer/distilbart-cnn-12-6
Traceback (most recent call last):
  File "/Users/namanjoshi/miniforge3/envs/meeting_summarizer/lib/python3.10/site-packages/huggingface_hub/utils/_http.py", line 409, in hf_raise_for_status
    response.raise_for_status()
  File "/Users/namanjoshi/miniforge3/envs/meeting_summarizer/lib/python3.10/site-packages/requests/models.py", line 1026, in raise_for_status
    raise HTTPError(http_error_msg, response=self)
requests.exceptions.HTTPError: 401 Client Error: Unauthorized for url: https://huggingface.co/sshleifer/distilbart-cnn-12-6/resolve/main/config.json

The above exception was the direct cause of the following exception:

Traceback (most recent call last):
  File "/Users/namanjoshi/miniforge3/envs/meeting_summarizer/lib/python3.10/site-packages/transformers/utils/hub.py", line 479, in cached_files
    hf_hub_download(
  File "/Users/namanjoshi/miniforge3/envs/meeting_summarizer/lib/python3.10/site-packages/huggingface_hub/utils/_validators.py", line 114, in _inner_fn
    return fn(*args, **kwargs)
  File "/Users/namanjoshi/miniforge3/envs/meeting_summarizer/lib/python3.10/site-packages/huggingface_hub/file_download.py", line 1010, in hf_hub_download
    return _hf_hub_download_to_cache_dir(
  File "/Users/namanjoshi/miniforge3/envs/meeting_summarizer/lib/python3.10/site-packages/huggingface_hub/file_download.py", line 1117, in _hf_hub_download_to_cache_dir
    _raise_on_head_call_error(head_call_error, force_download, local_files_only)
  File "/Users/namanjoshi/miniforge3/envs/meeting_summarizer/lib/python3.10/site-packages/huggingface_hub/file_download.py", line 1658, in _raise_on_head_call_error
    raise head_call_error
  File "/Users/namanjoshi/miniforge3/envs/meeting_summarizer/lib/python3.10/site-packages/huggingface_hub/file_download.py", line 1546, in _get_metadata_or_catch_error
    metadata = get_hf_file_metadata(
  File "/Users/namanjoshi/miniforge3/envs/meeting_summarizer/lib/python3.10/site-packages/huggingface_hub/utils/_validators.py", line 114, in _inner_fn
    return fn(*args, **kwargs)
  File "/Users/namanjoshi/miniforge3/envs/meeting_summarizer/lib/python3.10/site-packages/huggingface_hub/file_download.py", line 1463, in get_hf_file_metadata
    r = _request_wrapper(
  File "/Users/namanjoshi/miniforge3/envs/meeting_summarizer/lib/python3.10/site-packages/huggingface_hub/file_download.py", line 286, in _request_wrapper
    response = _request_wrapper(
  File "/Users/namanjoshi/miniforge3/envs/meeting_summarizer/lib/python3.10/site-packages/huggingface_hub/file_download.py", line 310, in _request_wrapper
    hf_raise_for_status(response)
  File "/Users/namanjoshi/miniforge3/envs/meeting_summarizer/lib/python3.10/site-packages/huggingface_hub/utils/_http.py", line 482, in hf_raise_for_status
    raise _format(HfHubHTTPError, str(e), response) from e
huggingface_hub.errors.HfHubHTTPError: 401 Client Error: Unauthorized for url: https://huggingface.co/sshleifer/distilbart-cnn-12-6/resolve/main/config.json (Request ID: Root=1-68aa0bad-3a7a09e874f5d8e63435dc76;aa916357-a393-4cf0-8ae3-5ae931772559)

Invalid credentials in Authorization header

The above exception was the direct cause of the following exception:

Traceback (most recent call last):
  File "/Users/namanjoshi/Workplace/meeting_minutes_summariser/modules/summariser.py", line 103, in _load_model
    return pipeline("summarization", model=model_name, device=device)
  File "/Users/namanjoshi/miniforge3/envs/meeting_summarizer/lib/python3.10/site-packages/transformers/pipelines/__init__.py", line 909, in pipeline
    config = AutoConfig.from_pretrained(
  File "/Users/namanjoshi/miniforge3/envs/meeting_summarizer/lib/python3.10/site-packages/transformers/models/auto/configuration_auto.py", line 1250, in from_pretrained
    config_dict, unused_kwargs = PretrainedConfig.get_config_dict(pretrained_model_name_or_path, **kwargs)
  File "/Users/namanjoshi/miniforge3/envs/meeting_summarizer/lib/python3.10/site-packages/transformers/configuration_utils.py", line 649, in get_config_dict
    config_dict, kwargs = cls._get_config_dict(pretrained_model_name_or_path, **kwargs)
  File "/Users/namanjoshi/miniforge3/envs/meeting_summarizer/lib/python3.10/site-packages/transformers/configuration_utils.py", line 708, in _get_config_dict
    resolved_config_file = cached_file(
  File "/Users/namanjoshi/miniforge3/envs/meeting_summarizer/lib/python3.10/site-packages/transformers/utils/hub.py", line 321, in cached_file
    file = cached_files(path_or_repo_id=path_or_repo_id, filenames=[filename], **kwargs)
  File "/Users/namanjoshi/miniforge3/envs/meeting_summarizer/lib/python3.10/site-packages/transformers/utils/hub.py", line 563, in cached_files
    raise OSError(f"There was a specific connection error when trying to load {path_or_repo_id}:\n{e}") from e
OSError: There was a specific connection error when trying to load sshleifer/distilbart-cnn-12-6:
401 Client Error: Unauthorized for url: https://huggingface.co/sshleifer/distilbart-cnn-12-6/resolve/main/config.json (Request ID: Root=1-68aa0bad-3a7a09e874f5d8e63435dc76;aa916357-a393-4cf0-8ae3-5ae931772559)

Invalid credentials in Authorization header
2025-08-24 00:12:53 [ERROR] MeetingSummarizer:_map_reduce_summarize:334 - âŒ Map-reduce summarization failed
Traceback (most recent call last):
  File "/Users/namanjoshi/miniforge3/envs/meeting_summarizer/lib/python3.10/site-packages/huggingface_hub/utils/_http.py", line 409, in hf_raise_for_status
    response.raise_for_status()
  File "/Users/namanjoshi/miniforge3/envs/meeting_summarizer/lib/python3.10/site-packages/requests/models.py", line 1026, in raise_for_status
    raise HTTPError(http_error_msg, response=self)
requests.exceptions.HTTPError: 401 Client Error: Unauthorized for url: https://huggingface.co/sshleifer/distilbart-cnn-12-6/resolve/main/config.json

The above exception was the direct cause of the following exception:

Traceback (most recent call last):
  File "/Users/namanjoshi/miniforge3/envs/meeting_summarizer/lib/python3.10/site-packages/transformers/utils/hub.py", line 479, in cached_files
    hf_hub_download(
  File "/Users/namanjoshi/miniforge3/envs/meeting_summarizer/lib/python3.10/site-packages/huggingface_hub/utils/_validators.py", line 114, in _inner_fn
    return fn(*args, **kwargs)
  File "/Users/namanjoshi/miniforge3/envs/meeting_summarizer/lib/python3.10/site-packages/huggingface_hub/file_download.py", line 1010, in hf_hub_download
    return _hf_hub_download_to_cache_dir(
  File "/Users/namanjoshi/miniforge3/envs/meeting_summarizer/lib/python3.10/site-packages/huggingface_hub/file_download.py", line 1117, in _hf_hub_download_to_cache_dir
    _raise_on_head_call_error(head_call_error, force_download, local_files_only)
  File "/Users/namanjoshi/miniforge3/envs/meeting_summarizer/lib/python3.10/site-packages/huggingface_hub/file_download.py", line 1658, in _raise_on_head_call_error
    raise head_call_error
  File "/Users/namanjoshi/miniforge3/envs/meeting_summarizer/lib/python3.10/site-packages/huggingface_hub/file_download.py", line 1546, in _get_metadata_or_catch_error
    metadata = get_hf_file_metadata(
  File "/Users/namanjoshi/miniforge3/envs/meeting_summarizer/lib/python3.10/site-packages/huggingface_hub/utils/_validators.py", line 114, in _inner_fn
    return fn(*args, **kwargs)
  File "/Users/namanjoshi/miniforge3/envs/meeting_summarizer/lib/python3.10/site-packages/huggingface_hub/file_download.py", line 1463, in get_hf_file_metadata
    r = _request_wrapper(
  File "/Users/namanjoshi/miniforge3/envs/meeting_summarizer/lib/python3.10/site-packages/huggingface_hub/file_download.py", line 286, in _request_wrapper
    response = _request_wrapper(
  File "/Users/namanjoshi/miniforge3/envs/meeting_summarizer/lib/python3.10/site-packages/huggingface_hub/file_download.py", line 310, in _request_wrapper
    hf_raise_for_status(response)
  File "/Users/namanjoshi/miniforge3/envs/meeting_summarizer/lib/python3.10/site-packages/huggingface_hub/utils/_http.py", line 482, in hf_raise_for_status
    raise _format(HfHubHTTPError, str(e), response) from e
huggingface_hub.errors.HfHubHTTPError: 401 Client Error: Unauthorized for url: https://huggingface.co/sshleifer/distilbart-cnn-12-6/resolve/main/config.json (Request ID: Root=1-68aa0bad-3a7a09e874f5d8e63435dc76;aa916357-a393-4cf0-8ae3-5ae931772559)

Invalid credentials in Authorization header

The above exception was the direct cause of the following exception:

Traceback (most recent call last):
  File "/Users/namanjoshi/Workplace/meeting_minutes_summariser/modules/summariser.py", line 103, in _load_model
    return pipeline("summarization", model=model_name, device=device)
  File "/Users/namanjoshi/miniforge3/envs/meeting_summarizer/lib/python3.10/site-packages/transformers/pipelines/__init__.py", line 909, in pipeline
    config = AutoConfig.from_pretrained(
  File "/Users/namanjoshi/miniforge3/envs/meeting_summarizer/lib/python3.10/site-packages/transformers/models/auto/configuration_auto.py", line 1250, in from_pretrained
    config_dict, unused_kwargs = PretrainedConfig.get_config_dict(pretrained_model_name_or_path, **kwargs)
  File "/Users/namanjoshi/miniforge3/envs/meeting_summarizer/lib/python3.10/site-packages/transformers/configuration_utils.py", line 649, in get_config_dict
    config_dict, kwargs = cls._get_config_dict(pretrained_model_name_or_path, **kwargs)
  File "/Users/namanjoshi/miniforge3/envs/meeting_summarizer/lib/python3.10/site-packages/transformers/configuration_utils.py", line 708, in _get_config_dict
    resolved_config_file = cached_file(
  File "/Users/namanjoshi/miniforge3/envs/meeting_summarizer/lib/python3.10/site-packages/transformers/utils/hub.py", line 321, in cached_file
    file = cached_files(path_or_repo_id=path_or_repo_id, filenames=[filename], **kwargs)
  File "/Users/namanjoshi/miniforge3/envs/meeting_summarizer/lib/python3.10/site-packages/transformers/utils/hub.py", line 563, in cached_files
    raise OSError(f"There was a specific connection error when trying to load {path_or_repo_id}:\n{e}") from e
OSError: There was a specific connection error when trying to load sshleifer/distilbart-cnn-12-6:
401 Client Error: Unauthorized for url: https://huggingface.co/sshleifer/distilbart-cnn-12-6/resolve/main/config.json (Request ID: Root=1-68aa0bad-3a7a09e874f5d8e63435dc76;aa916357-a393-4cf0-8ae3-5ae931772559)

Invalid credentials in Authorization header

The above exception was the direct cause of the following exception:

Traceback (most recent call last):
  File "/Users/namanjoshi/Workplace/meeting_minutes_summariser/modules/summariser.py", line 259, in _map_reduce_summarize
    model, tokenizer = self._get_model(config.model.value)
  File "/Users/namanjoshi/Workplace/meeting_minutes_summariser/modules/summariser.py", line 120, in _get_model
    self._models[model_name] = self._load_model(model_name)
  File "/Users/namanjoshi/miniforge3/envs/meeting_summarizer/lib/python3.10/site-packages/streamlit/runtime/caching/cache_utils.py", line 183, in __call__
    return self._cached_func(self._instance, *args, **kwargs)
  File "/Users/namanjoshi/miniforge3/envs/meeting_summarizer/lib/python3.10/site-packages/streamlit/runtime/caching/cache_utils.py", line 227, in __call__
    return self._get_or_create_cached_value(args, kwargs, spinner_message)
  File "/Users/namanjoshi/miniforge3/envs/meeting_summarizer/lib/python3.10/site-packages/streamlit/runtime/caching/cache_utils.py", line 269, in _get_or_create_cached_value
    return self._handle_cache_miss(cache, value_key, func_args, func_kwargs)
  File "/Users/namanjoshi/miniforge3/envs/meeting_summarizer/lib/python3.10/site-packages/streamlit/runtime/caching/cache_utils.py", line 328, in _handle_cache_miss
    computed_value = self._info.func(*func_args, **func_kwargs)
  File "/Users/namanjoshi/Workplace/meeting_minutes_summariser/modules/summariser.py", line 106, in _load_model
    raise RuntimeError(f"Could not load model {model_name}") from e
RuntimeError: Could not load model sshleifer/distilbart-cnn-12-6
2025-08-24 00:12:53 [WARNING] MeetingSummarizer:summarize:470 - ğŸ”„ Falling back to extractive summarization
2025-08-24 00:13:32 [INFO] MeetingSummarizer:<module>:280 - ğŸš€ Logging system initialized - Level: INFO, Dir: logs
2025-08-24 00:13:33 [INFO] MeetingSummarizer:summarize:448 - ğŸš€ Starting summarization with strategy: map_reduce
2025-08-24 00:13:33 [INFO] MeetingSummarizer:_load_model:96 - ğŸ”„ Loading model: sshleifer/distilbart-cnn-12-6 on CPU
2025-08-24 00:13:33 [ERROR] MeetingSummarizer:_load_model:105 - âŒ Failed to load model sshleifer/distilbart-cnn-12-6
Traceback (most recent call last):
  File "/Users/namanjoshi/miniforge3/envs/meeting_summarizer/lib/python3.10/site-packages/huggingface_hub/utils/_http.py", line 409, in hf_raise_for_status
    response.raise_for_status()
  File "/Users/namanjoshi/miniforge3/envs/meeting_summarizer/lib/python3.10/site-packages/requests/models.py", line 1026, in raise_for_status
    raise HTTPError(http_error_msg, response=self)
requests.exceptions.HTTPError: 401 Client Error: Unauthorized for url: https://huggingface.co/sshleifer/distilbart-cnn-12-6/resolve/main/config.json

The above exception was the direct cause of the following exception:

Traceback (most recent call last):
  File "/Users/namanjoshi/miniforge3/envs/meeting_summarizer/lib/python3.10/site-packages/transformers/utils/hub.py", line 479, in cached_files
    hf_hub_download(
  File "/Users/namanjoshi/miniforge3/envs/meeting_summarizer/lib/python3.10/site-packages/huggingface_hub/utils/_validators.py", line 114, in _inner_fn
    return fn(*args, **kwargs)
  File "/Users/namanjoshi/miniforge3/envs/meeting_summarizer/lib/python3.10/site-packages/huggingface_hub/file_download.py", line 1010, in hf_hub_download
    return _hf_hub_download_to_cache_dir(
  File "/Users/namanjoshi/miniforge3/envs/meeting_summarizer/lib/python3.10/site-packages/huggingface_hub/file_download.py", line 1117, in _hf_hub_download_to_cache_dir
    _raise_on_head_call_error(head_call_error, force_download, local_files_only)
  File "/Users/namanjoshi/miniforge3/envs/meeting_summarizer/lib/python3.10/site-packages/huggingface_hub/file_download.py", line 1658, in _raise_on_head_call_error
    raise head_call_error
  File "/Users/namanjoshi/miniforge3/envs/meeting_summarizer/lib/python3.10/site-packages/huggingface_hub/file_download.py", line 1546, in _get_metadata_or_catch_error
    metadata = get_hf_file_metadata(
  File "/Users/namanjoshi/miniforge3/envs/meeting_summarizer/lib/python3.10/site-packages/huggingface_hub/utils/_validators.py", line 114, in _inner_fn
    return fn(*args, **kwargs)
  File "/Users/namanjoshi/miniforge3/envs/meeting_summarizer/lib/python3.10/site-packages/huggingface_hub/file_download.py", line 1463, in get_hf_file_metadata
    r = _request_wrapper(
  File "/Users/namanjoshi/miniforge3/envs/meeting_summarizer/lib/python3.10/site-packages/huggingface_hub/file_download.py", line 286, in _request_wrapper
    response = _request_wrapper(
  File "/Users/namanjoshi/miniforge3/envs/meeting_summarizer/lib/python3.10/site-packages/huggingface_hub/file_download.py", line 310, in _request_wrapper
    hf_raise_for_status(response)
  File "/Users/namanjoshi/miniforge3/envs/meeting_summarizer/lib/python3.10/site-packages/huggingface_hub/utils/_http.py", line 482, in hf_raise_for_status
    raise _format(HfHubHTTPError, str(e), response) from e
huggingface_hub.errors.HfHubHTTPError: 401 Client Error: Unauthorized for url: https://huggingface.co/sshleifer/distilbart-cnn-12-6/resolve/main/config.json (Request ID: Root=1-68aa0bd5-56303ef4467562f11a5abb9d;eb1fb7cf-aa58-4d19-8de0-b5c59b70757a)

Invalid credentials in Authorization header

The above exception was the direct cause of the following exception:

Traceback (most recent call last):
  File "/Users/namanjoshi/Workplace/meeting_minutes_summariser/modules/summariser.py", line 103, in _load_model
    return pipeline("summarization", model=model_name, device=device)
  File "/Users/namanjoshi/miniforge3/envs/meeting_summarizer/lib/python3.10/site-packages/transformers/pipelines/__init__.py", line 909, in pipeline
    config = AutoConfig.from_pretrained(
  File "/Users/namanjoshi/miniforge3/envs/meeting_summarizer/lib/python3.10/site-packages/transformers/models/auto/configuration_auto.py", line 1250, in from_pretrained
    config_dict, unused_kwargs = PretrainedConfig.get_config_dict(pretrained_model_name_or_path, **kwargs)
  File "/Users/namanjoshi/miniforge3/envs/meeting_summarizer/lib/python3.10/site-packages/transformers/configuration_utils.py", line 649, in get_config_dict
    config_dict, kwargs = cls._get_config_dict(pretrained_model_name_or_path, **kwargs)
  File "/Users/namanjoshi/miniforge3/envs/meeting_summarizer/lib/python3.10/site-packages/transformers/configuration_utils.py", line 708, in _get_config_dict
    resolved_config_file = cached_file(
  File "/Users/namanjoshi/miniforge3/envs/meeting_summarizer/lib/python3.10/site-packages/transformers/utils/hub.py", line 321, in cached_file
    file = cached_files(path_or_repo_id=path_or_repo_id, filenames=[filename], **kwargs)
  File "/Users/namanjoshi/miniforge3/envs/meeting_summarizer/lib/python3.10/site-packages/transformers/utils/hub.py", line 563, in cached_files
    raise OSError(f"There was a specific connection error when trying to load {path_or_repo_id}:\n{e}") from e
OSError: There was a specific connection error when trying to load sshleifer/distilbart-cnn-12-6:
401 Client Error: Unauthorized for url: https://huggingface.co/sshleifer/distilbart-cnn-12-6/resolve/main/config.json (Request ID: Root=1-68aa0bd5-56303ef4467562f11a5abb9d;eb1fb7cf-aa58-4d19-8de0-b5c59b70757a)

Invalid credentials in Authorization header
2025-08-24 00:13:33 [ERROR] MeetingSummarizer:_map_reduce_summarize:334 - âŒ Map-reduce summarization failed
Traceback (most recent call last):
  File "/Users/namanjoshi/miniforge3/envs/meeting_summarizer/lib/python3.10/site-packages/huggingface_hub/utils/_http.py", line 409, in hf_raise_for_status
    response.raise_for_status()
  File "/Users/namanjoshi/miniforge3/envs/meeting_summarizer/lib/python3.10/site-packages/requests/models.py", line 1026, in raise_for_status
    raise HTTPError(http_error_msg, response=self)
requests.exceptions.HTTPError: 401 Client Error: Unauthorized for url: https://huggingface.co/sshleifer/distilbart-cnn-12-6/resolve/main/config.json

The above exception was the direct cause of the following exception:

Traceback (most recent call last):
  File "/Users/namanjoshi/miniforge3/envs/meeting_summarizer/lib/python3.10/site-packages/transformers/utils/hub.py", line 479, in cached_files
    hf_hub_download(
  File "/Users/namanjoshi/miniforge3/envs/meeting_summarizer/lib/python3.10/site-packages/huggingface_hub/utils/_validators.py", line 114, in _inner_fn
    return fn(*args, **kwargs)
  File "/Users/namanjoshi/miniforge3/envs/meeting_summarizer/lib/python3.10/site-packages/huggingface_hub/file_download.py", line 1010, in hf_hub_download
    return _hf_hub_download_to_cache_dir(
  File "/Users/namanjoshi/miniforge3/envs/meeting_summarizer/lib/python3.10/site-packages/huggingface_hub/file_download.py", line 1117, in _hf_hub_download_to_cache_dir
    _raise_on_head_call_error(head_call_error, force_download, local_files_only)
  File "/Users/namanjoshi/miniforge3/envs/meeting_summarizer/lib/python3.10/site-packages/huggingface_hub/file_download.py", line 1658, in _raise_on_head_call_error
    raise head_call_error
  File "/Users/namanjoshi/miniforge3/envs/meeting_summarizer/lib/python3.10/site-packages/huggingface_hub/file_download.py", line 1546, in _get_metadata_or_catch_error
    metadata = get_hf_file_metadata(
  File "/Users/namanjoshi/miniforge3/envs/meeting_summarizer/lib/python3.10/site-packages/huggingface_hub/utils/_validators.py", line 114, in _inner_fn
    return fn(*args, **kwargs)
  File "/Users/namanjoshi/miniforge3/envs/meeting_summarizer/lib/python3.10/site-packages/huggingface_hub/file_download.py", line 1463, in get_hf_file_metadata
    r = _request_wrapper(
  File "/Users/namanjoshi/miniforge3/envs/meeting_summarizer/lib/python3.10/site-packages/huggingface_hub/file_download.py", line 286, in _request_wrapper
    response = _request_wrapper(
  File "/Users/namanjoshi/miniforge3/envs/meeting_summarizer/lib/python3.10/site-packages/huggingface_hub/file_download.py", line 310, in _request_wrapper
    hf_raise_for_status(response)
  File "/Users/namanjoshi/miniforge3/envs/meeting_summarizer/lib/python3.10/site-packages/huggingface_hub/utils/_http.py", line 482, in hf_raise_for_status
    raise _format(HfHubHTTPError, str(e), response) from e
huggingface_hub.errors.HfHubHTTPError: 401 Client Error: Unauthorized for url: https://huggingface.co/sshleifer/distilbart-cnn-12-6/resolve/main/config.json (Request ID: Root=1-68aa0bd5-56303ef4467562f11a5abb9d;eb1fb7cf-aa58-4d19-8de0-b5c59b70757a)

Invalid credentials in Authorization header

The above exception was the direct cause of the following exception:

Traceback (most recent call last):
  File "/Users/namanjoshi/Workplace/meeting_minutes_summariser/modules/summariser.py", line 103, in _load_model
    return pipeline("summarization", model=model_name, device=device)
  File "/Users/namanjoshi/miniforge3/envs/meeting_summarizer/lib/python3.10/site-packages/transformers/pipelines/__init__.py", line 909, in pipeline
    config = AutoConfig.from_pretrained(
  File "/Users/namanjoshi/miniforge3/envs/meeting_summarizer/lib/python3.10/site-packages/transformers/models/auto/configuration_auto.py", line 1250, in from_pretrained
    config_dict, unused_kwargs = PretrainedConfig.get_config_dict(pretrained_model_name_or_path, **kwargs)
  File "/Users/namanjoshi/miniforge3/envs/meeting_summarizer/lib/python3.10/site-packages/transformers/configuration_utils.py", line 649, in get_config_dict
    config_dict, kwargs = cls._get_config_dict(pretrained_model_name_or_path, **kwargs)
  File "/Users/namanjoshi/miniforge3/envs/meeting_summarizer/lib/python3.10/site-packages/transformers/configuration_utils.py", line 708, in _get_config_dict
    resolved_config_file = cached_file(
  File "/Users/namanjoshi/miniforge3/envs/meeting_summarizer/lib/python3.10/site-packages/transformers/utils/hub.py", line 321, in cached_file
    file = cached_files(path_or_repo_id=path_or_repo_id, filenames=[filename], **kwargs)
  File "/Users/namanjoshi/miniforge3/envs/meeting_summarizer/lib/python3.10/site-packages/transformers/utils/hub.py", line 563, in cached_files
    raise OSError(f"There was a specific connection error when trying to load {path_or_repo_id}:\n{e}") from e
OSError: There was a specific connection error when trying to load sshleifer/distilbart-cnn-12-6:
401 Client Error: Unauthorized for url: https://huggingface.co/sshleifer/distilbart-cnn-12-6/resolve/main/config.json (Request ID: Root=1-68aa0bd5-56303ef4467562f11a5abb9d;eb1fb7cf-aa58-4d19-8de0-b5c59b70757a)

Invalid credentials in Authorization header

The above exception was the direct cause of the following exception:

Traceback (most recent call last):
  File "/Users/namanjoshi/Workplace/meeting_minutes_summariser/modules/summariser.py", line 259, in _map_reduce_summarize
    model, tokenizer = self._get_model(config.model.value)
  File "/Users/namanjoshi/Workplace/meeting_minutes_summariser/modules/summariser.py", line 120, in _get_model
    self._models[model_name] = self._load_model(model_name)
  File "/Users/namanjoshi/miniforge3/envs/meeting_summarizer/lib/python3.10/site-packages/streamlit/runtime/caching/cache_utils.py", line 183, in __call__
    return self._cached_func(self._instance, *args, **kwargs)
  File "/Users/namanjoshi/miniforge3/envs/meeting_summarizer/lib/python3.10/site-packages/streamlit/runtime/caching/cache_utils.py", line 227, in __call__
    return self._get_or_create_cached_value(args, kwargs, spinner_message)
  File "/Users/namanjoshi/miniforge3/envs/meeting_summarizer/lib/python3.10/site-packages/streamlit/runtime/caching/cache_utils.py", line 269, in _get_or_create_cached_value
    return self._handle_cache_miss(cache, value_key, func_args, func_kwargs)
  File "/Users/namanjoshi/miniforge3/envs/meeting_summarizer/lib/python3.10/site-packages/streamlit/runtime/caching/cache_utils.py", line 328, in _handle_cache_miss
    computed_value = self._info.func(*func_args, **func_kwargs)
  File "/Users/namanjoshi/Workplace/meeting_minutes_summariser/modules/summariser.py", line 106, in _load_model
    raise RuntimeError(f"Could not load model {model_name}") from e
RuntimeError: Could not load model sshleifer/distilbart-cnn-12-6
2025-08-24 00:13:33 [WARNING] MeetingSummarizer:summarize:470 - ğŸ”„ Falling back to extractive summarization
2025-08-24 11:25:01 [INFO] MeetingSummarizer:<module>:280 - ğŸš€ Logging system initialized - Level: INFO, Dir: logs
2025-08-24 11:25:01 [INFO] MeetingSummarizer:summarize:448 - ğŸš€ Starting summarization with strategy: map_reduce
2025-08-24 11:25:01 [INFO] MeetingSummarizer:_load_model:96 - ğŸ”„ Loading model: sshleifer/distilbart-cnn-12-6 on CPU
2025-08-24 11:25:02 [ERROR] MeetingSummarizer:_load_model:105 - âŒ Failed to load model sshleifer/distilbart-cnn-12-6
Traceback (most recent call last):
  File "/Users/namanjoshi/miniforge3/envs/meeting_summarizer/lib/python3.10/site-packages/huggingface_hub/utils/_http.py", line 409, in hf_raise_for_status
    response.raise_for_status()
  File "/Users/namanjoshi/miniforge3/envs/meeting_summarizer/lib/python3.10/site-packages/requests/models.py", line 1026, in raise_for_status
    raise HTTPError(http_error_msg, response=self)
requests.exceptions.HTTPError: 401 Client Error: Unauthorized for url: https://huggingface.co/sshleifer/distilbart-cnn-12-6/resolve/main/config.json

The above exception was the direct cause of the following exception:

Traceback (most recent call last):
  File "/Users/namanjoshi/miniforge3/envs/meeting_summarizer/lib/python3.10/site-packages/transformers/utils/hub.py", line 479, in cached_files
    hf_hub_download(
  File "/Users/namanjoshi/miniforge3/envs/meeting_summarizer/lib/python3.10/site-packages/huggingface_hub/utils/_validators.py", line 114, in _inner_fn
    return fn(*args, **kwargs)
  File "/Users/namanjoshi/miniforge3/envs/meeting_summarizer/lib/python3.10/site-packages/huggingface_hub/file_download.py", line 1010, in hf_hub_download
    return _hf_hub_download_to_cache_dir(
  File "/Users/namanjoshi/miniforge3/envs/meeting_summarizer/lib/python3.10/site-packages/huggingface_hub/file_download.py", line 1117, in _hf_hub_download_to_cache_dir
    _raise_on_head_call_error(head_call_error, force_download, local_files_only)
  File "/Users/namanjoshi/miniforge3/envs/meeting_summarizer/lib/python3.10/site-packages/huggingface_hub/file_download.py", line 1658, in _raise_on_head_call_error
    raise head_call_error
  File "/Users/namanjoshi/miniforge3/envs/meeting_summarizer/lib/python3.10/site-packages/huggingface_hub/file_download.py", line 1546, in _get_metadata_or_catch_error
    metadata = get_hf_file_metadata(
  File "/Users/namanjoshi/miniforge3/envs/meeting_summarizer/lib/python3.10/site-packages/huggingface_hub/utils/_validators.py", line 114, in _inner_fn
    return fn(*args, **kwargs)
  File "/Users/namanjoshi/miniforge3/envs/meeting_summarizer/lib/python3.10/site-packages/huggingface_hub/file_download.py", line 1463, in get_hf_file_metadata
    r = _request_wrapper(
  File "/Users/namanjoshi/miniforge3/envs/meeting_summarizer/lib/python3.10/site-packages/huggingface_hub/file_download.py", line 286, in _request_wrapper
    response = _request_wrapper(
  File "/Users/namanjoshi/miniforge3/envs/meeting_summarizer/lib/python3.10/site-packages/huggingface_hub/file_download.py", line 310, in _request_wrapper
    hf_raise_for_status(response)
  File "/Users/namanjoshi/miniforge3/envs/meeting_summarizer/lib/python3.10/site-packages/huggingface_hub/utils/_http.py", line 482, in hf_raise_for_status
    raise _format(HfHubHTTPError, str(e), response) from e
huggingface_hub.errors.HfHubHTTPError: 401 Client Error: Unauthorized for url: https://huggingface.co/sshleifer/distilbart-cnn-12-6/resolve/main/config.json (Request ID: Root=1-68aaa936-79f88dd760ed7ac271d18b78;fc80dc6e-9149-4fea-b802-e96a4182ca3e)

Invalid credentials in Authorization header

The above exception was the direct cause of the following exception:

Traceback (most recent call last):
  File "/Users/namanjoshi/Workplace/meeting_minutes_summariser/modules/summariser.py", line 103, in _load_model
    return pipeline("summarization", model=model_name, device=device)
  File "/Users/namanjoshi/miniforge3/envs/meeting_summarizer/lib/python3.10/site-packages/transformers/pipelines/__init__.py", line 909, in pipeline
    config = AutoConfig.from_pretrained(
  File "/Users/namanjoshi/miniforge3/envs/meeting_summarizer/lib/python3.10/site-packages/transformers/models/auto/configuration_auto.py", line 1250, in from_pretrained
    config_dict, unused_kwargs = PretrainedConfig.get_config_dict(pretrained_model_name_or_path, **kwargs)
  File "/Users/namanjoshi/miniforge3/envs/meeting_summarizer/lib/python3.10/site-packages/transformers/configuration_utils.py", line 649, in get_config_dict
    config_dict, kwargs = cls._get_config_dict(pretrained_model_name_or_path, **kwargs)
  File "/Users/namanjoshi/miniforge3/envs/meeting_summarizer/lib/python3.10/site-packages/transformers/configuration_utils.py", line 708, in _get_config_dict
    resolved_config_file = cached_file(
  File "/Users/namanjoshi/miniforge3/envs/meeting_summarizer/lib/python3.10/site-packages/transformers/utils/hub.py", line 321, in cached_file
    file = cached_files(path_or_repo_id=path_or_repo_id, filenames=[filename], **kwargs)
  File "/Users/namanjoshi/miniforge3/envs/meeting_summarizer/lib/python3.10/site-packages/transformers/utils/hub.py", line 563, in cached_files
    raise OSError(f"There was a specific connection error when trying to load {path_or_repo_id}:\n{e}") from e
OSError: There was a specific connection error when trying to load sshleifer/distilbart-cnn-12-6:
401 Client Error: Unauthorized for url: https://huggingface.co/sshleifer/distilbart-cnn-12-6/resolve/main/config.json (Request ID: Root=1-68aaa936-79f88dd760ed7ac271d18b78;fc80dc6e-9149-4fea-b802-e96a4182ca3e)

Invalid credentials in Authorization header
2025-08-24 11:25:02 [ERROR] MeetingSummarizer:_map_reduce_summarize:334 - âŒ Map-reduce summarization failed
Traceback (most recent call last):
  File "/Users/namanjoshi/miniforge3/envs/meeting_summarizer/lib/python3.10/site-packages/huggingface_hub/utils/_http.py", line 409, in hf_raise_for_status
    response.raise_for_status()
  File "/Users/namanjoshi/miniforge3/envs/meeting_summarizer/lib/python3.10/site-packages/requests/models.py", line 1026, in raise_for_status
    raise HTTPError(http_error_msg, response=self)
requests.exceptions.HTTPError: 401 Client Error: Unauthorized for url: https://huggingface.co/sshleifer/distilbart-cnn-12-6/resolve/main/config.json

The above exception was the direct cause of the following exception:

Traceback (most recent call last):
  File "/Users/namanjoshi/miniforge3/envs/meeting_summarizer/lib/python3.10/site-packages/transformers/utils/hub.py", line 479, in cached_files
    hf_hub_download(
  File "/Users/namanjoshi/miniforge3/envs/meeting_summarizer/lib/python3.10/site-packages/huggingface_hub/utils/_validators.py", line 114, in _inner_fn
    return fn(*args, **kwargs)
  File "/Users/namanjoshi/miniforge3/envs/meeting_summarizer/lib/python3.10/site-packages/huggingface_hub/file_download.py", line 1010, in hf_hub_download
    return _hf_hub_download_to_cache_dir(
  File "/Users/namanjoshi/miniforge3/envs/meeting_summarizer/lib/python3.10/site-packages/huggingface_hub/file_download.py", line 1117, in _hf_hub_download_to_cache_dir
    _raise_on_head_call_error(head_call_error, force_download, local_files_only)
  File "/Users/namanjoshi/miniforge3/envs/meeting_summarizer/lib/python3.10/site-packages/huggingface_hub/file_download.py", line 1658, in _raise_on_head_call_error
    raise head_call_error
  File "/Users/namanjoshi/miniforge3/envs/meeting_summarizer/lib/python3.10/site-packages/huggingface_hub/file_download.py", line 1546, in _get_metadata_or_catch_error
    metadata = get_hf_file_metadata(
  File "/Users/namanjoshi/miniforge3/envs/meeting_summarizer/lib/python3.10/site-packages/huggingface_hub/utils/_validators.py", line 114, in _inner_fn
    return fn(*args, **kwargs)
  File "/Users/namanjoshi/miniforge3/envs/meeting_summarizer/lib/python3.10/site-packages/huggingface_hub/file_download.py", line 1463, in get_hf_file_metadata
    r = _request_wrapper(
  File "/Users/namanjoshi/miniforge3/envs/meeting_summarizer/lib/python3.10/site-packages/huggingface_hub/file_download.py", line 286, in _request_wrapper
    response = _request_wrapper(
  File "/Users/namanjoshi/miniforge3/envs/meeting_summarizer/lib/python3.10/site-packages/huggingface_hub/file_download.py", line 310, in _request_wrapper
    hf_raise_for_status(response)
  File "/Users/namanjoshi/miniforge3/envs/meeting_summarizer/lib/python3.10/site-packages/huggingface_hub/utils/_http.py", line 482, in hf_raise_for_status
    raise _format(HfHubHTTPError, str(e), response) from e
huggingface_hub.errors.HfHubHTTPError: 401 Client Error: Unauthorized for url: https://huggingface.co/sshleifer/distilbart-cnn-12-6/resolve/main/config.json (Request ID: Root=1-68aaa936-79f88dd760ed7ac271d18b78;fc80dc6e-9149-4fea-b802-e96a4182ca3e)

Invalid credentials in Authorization header

The above exception was the direct cause of the following exception:

Traceback (most recent call last):
  File "/Users/namanjoshi/Workplace/meeting_minutes_summariser/modules/summariser.py", line 103, in _load_model
    return pipeline("summarization", model=model_name, device=device)
  File "/Users/namanjoshi/miniforge3/envs/meeting_summarizer/lib/python3.10/site-packages/transformers/pipelines/__init__.py", line 909, in pipeline
    config = AutoConfig.from_pretrained(
  File "/Users/namanjoshi/miniforge3/envs/meeting_summarizer/lib/python3.10/site-packages/transformers/models/auto/configuration_auto.py", line 1250, in from_pretrained
    config_dict, unused_kwargs = PretrainedConfig.get_config_dict(pretrained_model_name_or_path, **kwargs)
  File "/Users/namanjoshi/miniforge3/envs/meeting_summarizer/lib/python3.10/site-packages/transformers/configuration_utils.py", line 649, in get_config_dict
    config_dict, kwargs = cls._get_config_dict(pretrained_model_name_or_path, **kwargs)
  File "/Users/namanjoshi/miniforge3/envs/meeting_summarizer/lib/python3.10/site-packages/transformers/configuration_utils.py", line 708, in _get_config_dict
    resolved_config_file = cached_file(
  File "/Users/namanjoshi/miniforge3/envs/meeting_summarizer/lib/python3.10/site-packages/transformers/utils/hub.py", line 321, in cached_file
    file = cached_files(path_or_repo_id=path_or_repo_id, filenames=[filename], **kwargs)
  File "/Users/namanjoshi/miniforge3/envs/meeting_summarizer/lib/python3.10/site-packages/transformers/utils/hub.py", line 563, in cached_files
    raise OSError(f"There was a specific connection error when trying to load {path_or_repo_id}:\n{e}") from e
OSError: There was a specific connection error when trying to load sshleifer/distilbart-cnn-12-6:
401 Client Error: Unauthorized for url: https://huggingface.co/sshleifer/distilbart-cnn-12-6/resolve/main/config.json (Request ID: Root=1-68aaa936-79f88dd760ed7ac271d18b78;fc80dc6e-9149-4fea-b802-e96a4182ca3e)

Invalid credentials in Authorization header

The above exception was the direct cause of the following exception:

Traceback (most recent call last):
  File "/Users/namanjoshi/Workplace/meeting_minutes_summariser/modules/summariser.py", line 259, in _map_reduce_summarize
    model, tokenizer = self._get_model(config.model.value)
  File "/Users/namanjoshi/Workplace/meeting_minutes_summariser/modules/summariser.py", line 120, in _get_model
    self._models[model_name] = self._load_model(model_name)
  File "/Users/namanjoshi/miniforge3/envs/meeting_summarizer/lib/python3.10/site-packages/streamlit/runtime/caching/cache_utils.py", line 183, in __call__
    return self._cached_func(self._instance, *args, **kwargs)
  File "/Users/namanjoshi/miniforge3/envs/meeting_summarizer/lib/python3.10/site-packages/streamlit/runtime/caching/cache_utils.py", line 227, in __call__
    return self._get_or_create_cached_value(args, kwargs, spinner_message)
  File "/Users/namanjoshi/miniforge3/envs/meeting_summarizer/lib/python3.10/site-packages/streamlit/runtime/caching/cache_utils.py", line 269, in _get_or_create_cached_value
    return self._handle_cache_miss(cache, value_key, func_args, func_kwargs)
  File "/Users/namanjoshi/miniforge3/envs/meeting_summarizer/lib/python3.10/site-packages/streamlit/runtime/caching/cache_utils.py", line 328, in _handle_cache_miss
    computed_value = self._info.func(*func_args, **func_kwargs)
  File "/Users/namanjoshi/Workplace/meeting_minutes_summariser/modules/summariser.py", line 106, in _load_model
    raise RuntimeError(f"Could not load model {model_name}") from e
RuntimeError: Could not load model sshleifer/distilbart-cnn-12-6
2025-08-24 11:25:02 [WARNING] MeetingSummarizer:summarize:470 - ğŸ”„ Falling back to extractive summarization
